W/PackageManager(  268): Unknown permission com.huawei.launcher2.permission.READ_SETTINGS in package com.tencent.mtt.x86
W/PackageManager(  268): Unknown permission com.huawei.launcher2.permission.WRITE_SETTINGS in package com.tencent.mtt.x86
W/PackageManager(  268): Unknown permission com.huawei.launcher3.permission.READ_SETTINGS in package com.tencent.mtt.x86
W/PackageManager(  268): Unknown permission com.huawei.launcher3.permission.WRITE_SETTINGS in package com.tencent.mtt.x86
W/PackageManager(  268): Unknown permission net.qihoo.launcher.permission.READ_SETTINGS in package com.tencent.mtt.x86
W/PackageManager(  268): Unknown permission net.qihoo.launcher.permission.WRITE_SETTINGS in package com.tencent.mtt.x86
W/PackageManager(  268): Unknown permission com.dianxinos.dxhome.permission.READ_SETTINGS in package com.tencent.mtt.x86
W/PackageManager(  268): Unknown permission com.dianxinos.dxhome.permission.WRITE_SETTINGS in package com.tencent.mtt.x86
W/PackageManager(  268): Unknown permission com.huawei.android.launcher.permission.READ_SETTINGS in package com.tencent.mtt.x86
W/PackageManager(  268): Unknown permission com.huawei.android.launcher.permission.WRITE_SETTINGS in package com.tencent.mtt.x86
W/PackageManager(  268): Unknown permission com.qihoo360.launcher.permission.READ_SETTINGS in package com.tencent.mtt.x86
W/PackageManager(  268): Unknown permission com.qihoo360.launcher.permission.WRITE_SETTINGS in package com.tencent.mtt.x86
W/PackageManager(  268): Unknown permission com.oppo.launcher.permission.READ_SETTINGS in package com.tencent.mtt.x86
W/PackageManager(  268): Unknown permission com.oppo.launcher.permission.WRITE_SETTINGS in package com.tencent.mtt.x86
W/PackageManager(  268): Unknown permission com.ztemt.launcher.permission.READ_SETTINGS in package com.tencent.mtt.x86
W/PackageManager(  268): Unknown permission com.ztemt.launcher.permission.WRITE_SETTINGS in package com.tencent.mtt.x86
W/PackageManager(  268): Unknown permission com.lenovo.launcher.permission.READ_SETTINGS in package com.tencent.mtt.x86
W/PackageManager(  268): Unknown permission com.lenovo.launcher.permission.WRITE_SETTINGS in package com.tencent.mtt.x86
W/PackageManager(  268): Unknown permission com.android.launcher3.permission.READ_SETTINGS in package com.tencent.mtt.x86
W/PackageManager(  268): Unknown permission com.android.launcher3.permission.WRITE_SETTINGS in package com.tencent.mtt.x86
W/PackageManager(  268): Unknown permission com.moxiu.launcher.permission.READ_SETTINGS in package com.tencent.mtt.x86
W/PackageManager(  268): Unknown permission com.moxiu.launcher.permission.WRITE_SETTINGS in package com.tencent.mtt.x86
W/PackageManager(  268): Unknown permission com.iLoong.permission.READ_SETTINGS in package com.tencent.mtt.x86
W/PackageManager(  268): Unknown permission com.iLoong.permission.WRITE_SETTINGS in package com.tencent.mtt.x86
W/PackageManager(  268): Unknown permission telecom.mdesk.permission.READ_SETTINGS in package com.tencent.mtt.x86
W/PackageManager(  268): Unknown permission telecom.mdesk.permission.WRITE_SETTINGS in package com.tencent.mtt.x86
W/PackageManager(  268): Unknown permission com.tencent.tmsecurelite.permission.ACCESS_SERVICE in package com.tencent.mtt.x86
W/PackageManager(  268): Not granting permission android.permission.BIND_ACCESSIBILITY_SERVICE to package com.tencent.mtt.x86 (protectionLevel=2 flags=0x183e44)
W/PackageManager(  268): Unknown permission com.android.ContactWidget.permission.READ_SETTINGS in package com.tencent.mtt.x86
W/PackageManager(  268): Unknown permission com.android.ContactWidget.permission.WRITE_SETTINGS in package com.tencent.mtt.x86
W/PackageManager(  268): Not granting permission android.permission.INTERACT_ACROSS_USERS to package com.tencent.mtt.x86 (protectionLevel=50 flags=0x183e44)
W/PackageManager(  268): Not granting permission android.permission.INTERACT_ACROSS_USERS_FULL to package com.tencent.mtt.x86 (protectionLevel=2 flags=0x183e44)
W/PackageManager(  268): Not granting permission android.permission.MOUNT_UNMOUNT_FILESYSTEMS to package com.tencent.mtt.x86 (protectionLevel=18 flags=0x183e44)
W/PackageManager(  268): Unknown permission com.lenovo.launcher.permission.BADGE_READ in package com.tencent.mtt.x86
W/PackageManager(  268): Unknown permission com.lenovo.launcher.permission.BADGE_WRITE in package com.tencent.mtt.x86
W/PackageManager(  268): Unknown permission com.huawei.android.launcher.permission.CHANGE_BADGE in package com.tencent.mtt.x86
W/PackageManager(  268): Unknown permission com.android.smspush.WAPPUSH_MANAGER_BIND in package com.android.phone
W/PackageManager(  268): Unknown permission com.google.android.googleapps.permission.GOOGLE_AUTH in package com.android.providers.calendar
W/PackageManager(  268): Unknown permission com.google.android.googleapps.permission.GOOGLE_AUTH.cl in package com.android.providers.calendar
W/PackageManager(  268): Unknown permission com.android.launcher.permission.READ_SETTINGS in package com.android.onetimeinitializer
W/PackageManager(  268): Unknown permission com.android.launcher.permission.WRITE_SETTINGS in package com.android.onetimeinitializer
W/PackageManager(  268): Unknown permission com.cyanogenmod.filemanager.permissions.READ_THEME in package com.cyanogenmod.filemanager
W/PackageManager(  268): Not granting permission android.permission.MOUNT_UNMOUNT_FILESYSTEMS to package com.lemon.lemonban (protectionLevel=18 flags=0x248be44)
W/PackageManager(  268): Unknown permission com.android.launcher.permission.READ_SETTINGS in package com.bignox.app.store.hd
W/PackageManager(  268): Unknown permission com.android.launcher.permission.WRITE_SETTINGS in package com.bignox.app.store.hd
D/dalvikvm(  268): GC_EXPLICIT freed 399K, 10% free 4366K/4836K, paused 0ms+1ms, total 4ms
I/SystemServer(  268): Entropy Mixer
I/EntropyMixer(  268): Writing entropy...
I/SystemServer(  268): User Service
I/SystemServer(  268): Account Manager
I/SystemServer(  268): Content Manager
I/SystemServer(  268): System Content Providers
W/SettingsProvider(  268): set ANDROID_ID from persist.nox.androidid
E/ConsumerIrService(  268): Can't open consumer IR HW Module, error: -2
W/libsuspend(  268): Error writing 'on' to /sys/power/state: Invalid argument
E/libsuspend(  268): Error opening /sys/power/autosleep: No such file or directory
E/libsuspend(  268): Error opening /sys/power/wakeup_count: Permission denied
E/libsuspend(  268): failed to initialize autosuspend
D/PermissionCache(  163): checking android.permission.ACCESS_SURFACE_FLINGER for uid=1000 => granted (156 us)
D/SurfaceFlinger(  163): Screen acquired, type=0 flinger=0xb77d3820
D/SurfaceFlinger(  163):  screen was previously acquired
D/AlarmManagerService(  268): Kernel timezone updated to -480 minutes west of GMT
I/SystemServer(  268): Lights Service
I/SystemServer(  268): Battery Service
I/SystemServer(  268): Vibrator Service
I/SystemServer(  268): Consumer IR Service
I/SystemServer(  268): Alarm Manager
I/SystemServer(  268): Init Watchdog
I/SystemServer(  268): Input Manager
I/InputManager(  268): Initializing input manager, mUseDevInputEventForAudioJack=false
D/dalvikvm(  268): GC_CONCURRENT freed 242K, 7% free 4521K/4856K, paused 3ms+1ms, total 8ms
I/SystemServer(  268): Window Manager
I/WindowManager(  268): No existing display settings /data/system/display_settings.xml; starting empty
I/WindowManager(  268): No keyguard interface!
D/EventHub(  268): No input device configuration file found for device 'seamless mouse'.
I/EventHub(  268): New device: id=1, fd=85, path='/dev/input/event9', name='seamless mouse', classes=0x4, configuration='', keyLayout='', keyCharacterMap='', builtinKeyboard=false, usingSuspendBlockIoctl=true, usingClockIoctl=true
E/EventHub(  268): could not get driver version for /dev/input/mouse4, Not a typewriter
D/BluetoothManagerService(  268): Loading stored name and address
D/BluetoothManagerService(  268): Stored bluetooth Name=null,Address=null
I/InputManager(  268): Starting input manager
I/SystemServer(  268): Bluetooth Manager Service
I/SystemServer(  268): Input Method Service
W/InputMethodManagerService(  268): Couldn't create dir.: /data/system/inputmethod
D/EventHub(  268): No input device configuration file found for device 'mouse'.
I/EventHub(  268): New device: id=2, fd=87, path='/dev/input/event8', name='mouse', classes=0x8, configuration='', keyLayout='', keyCharacterMap='', builtinKeyboard=false, usingSuspendBlockIoctl=true, usingClockIoctl=true
E/EventHub(  268): could not get driver version for /dev/input/mouse3, Not a typewriter
I/SystemServer(  268): Accessibility Manager
I/ActivityManager(  268): Config changes=1dfb {1.0 460mcc7mnc zh_CN ldltr sw480dp w853dp h480dp 240dpi lrg long land ?uimode ?night -touch -keyb/v/h -nav/h s.2}
D/SurfaceFlinger(  163): setOrientation, mFbdev=0xb77d5de0, mFbDev->setOrientation=0xb69d5ce0, orientation=0
I/gralloc_nox(  163): setOrientation: orientation=0
W/EventHub(  268): Unable to disable kernel key repeat for /dev/input/event7: Function not implemented
I/EventHub(  268): Virtual keyboard mode is |0] [0]
I/EventHub(  268): Vrtual keyboard is set to Hardware mode
I/EventHub(  268): New device: id=3, fd=88, path='/dev/input/event7', name='Android Input', classes=0x37, configuration='/system/usr/idc/Android_Input.idc', keyLayout='/system/usr/keylayout/Android_Input.kl', keyCharacterMap='/system/usr/keychars/Generic.kcm', builtinKeyboard=false, usingSuspendBlockIoctl=true, usingClockIoctl=true
E/EventHub(  268): could not get driver version for /dev/input/mouse2, Not a typewriter
I/ActivityManager(  268): Config changes=400 {1.0 460mcc7mnc zh_CN ldltr sw480dp w853dp h454dp 240dpi lrg long land ?uimode ?night -touch -keyb/v/h -nav/h s.3}
I/SystemServer(  268): Mount Service
D/MountService(  268): got storage path: /mnt/sdcard description: SD  primary: true removable: false emulated: true mtpReserve: 100 allowMassStorage: false maxFileSize: 0
D/MountService(  268): addVolumeLocked() StorageVolume:
D/MountService(  268):     mStorageId=65537 mPath=/storage/emulated/0 mDescriptionId=17040662 
D/MountService(  268):     mPrimary=true mRemovable=false mEmulated=true mMtpReserveSpace=100 
D/MountService(  268):     mAllowMassStorage=false mMaxFileSize=0 mOwner=UserHandle{0} mUuid=null 
D/MountService(  268):     mUserLabel=null mState=null 
I/SystemServer(  268): LockSettingsService
I/SystemServer(  268): Device Policy
I/SystemServer(  268): Status Bar
I/SystemServer(  268): Clipboard Service
I/SystemServer(  268): NetworkManagement Service
I/SystemServer(  268): Text Service Manager Service
W/TextServicesManagerService(  268): no available spell checker services found
I/SystemServer(  268): NetworkStats Service
I/PackageManager(  268): No secure containers on sdcard
I/SystemServer(  268): NetworkPolicy Service
I/SystemServer(  268): Wi-Fi P2pService
I/SystemServer(  268): Wi-Fi Service
W/PackageManager(  268): Unknown permission com.huawei.authentication.HW_ACCESS_AUTH_SERVICE in package com.tencent.mm
W/PackageManager(  268): Unknown permission com.android.launcher.permission.READ_SETTINGS in package com.tencent.mm
W/PackageManager(  268): Unknown permission com.tencent.mm.location.permission.SEND_VIEW in package com.tencent.mm
W/PackageManager(  268): Unknown permission com.huawei.android.launcher.permission.CHANGE_BADGE in package com.tencent.mm
W/PackageManager(  268): Unknown permission android.permission.WRITE_APP_BADGE in package com.tencent.mm
W/PackageManager(  268): Unknown permission android.permission.REQUEST_IGNORE_BATTERY_OPTIMIZATIONS in package com.tencent.mm
W/PackageManager(  268): Unknown permission android.permission.BODY_SENSORS in package com.tencent.mm
W/PackageManager(  268): Unknown permission com.google.android.c2dm.permission.RECEIVE in package com.tencent.mm
W/PackageManager(  268): Unknown permission com.android.vending.BILLING in package com.tencent.mm
W/PackageManager(  268): Unknown permission android.permission.USE_FINGERPRINT in package com.tencent.mm
W/PackageManager(  268): Unknown permission com.google.android.googleapps.permission.GOOGLE_AUTH in package com.android.settings
W/PackageManager(  268): Unknown permission com.android.launcher.permission.READ_SETTINGS in package com.android.settings
W/PackageManager(  268): Unknown permission com.android.launcher.permission.WRITE_SETTINGS in package com.android.settings
W/PackageManager(  268): Unknown permission com.android.launcher.permission.READ_SETTINGS in package com.tencent.mtt.x86
W/PackageManager(  268): Unknown permission com.android.launcher.permission.WRITE_SETTINGS in package com.tencent.mtt.x86
W/PackageManager(  268): Unknown permission com.google.android.launcher.permission.READ_SETTINGS in package com.tencent.mtt.x86
W/PackageManager(  268): Unknown permission com.google.android.launcher.permission.WRITE_SETTINGS in package com.tencent.mtt.x86
W/PackageManager(  268): Unknown permission com.htc.launcher.permission.READ_SETTINGS in package com.tencent.mtt.x86
W/PackageManager(  268): Unknown permission com.htc.launcher.permission.WRITE_SETTINGS in package com.tencent.mtt.x86
W/PackageManager(  268): Unknown permission com.nd.android.launcher.permission.READ_SETTINGS in package com.tencent.mtt.x86
W/PackageManager(  268): Unknown permission com.nd.android.launcher.permission.WRITE_SETTINGS in package com.tencent.mtt.x86
W/PackageManager(  268): Unknown permission com.lge.launcher.permission.READ_SETTINGS in package com.tencent.mtt.x86
W/PackageManager(  268): Unknown permission com.lge.launcher.permission.WRITE_SETTINGS in package com.tencent.mtt.x86
W/PackageManager(  268): Unknown permission com.fede.launcher.permission.READ_SETTINGS in package com.tencent.mtt.x86
W/PackageManager(  268): Unknown permission com.fede.launcher.permission.WRITE_SETTINGS in package com.tencent.mtt.x86
W/PackageManager(  268): Unknown permission org.adw.launcher.permission.READ_SETTINGS in package com.tencent.mtt.x86
W/PackageManager(  268): Unknown permission org.adw.launcher.permission.WRITE_SETTINGS in package com.tencent.mtt.x86
W/PackageManager(  268): Unknown permission org.adwfreak.launcher.permission.READ_SETTINGS in package com.tencent.mtt.x86
W/PackageManager(  268): Unknown permission org.adwfreak.launcher.permission.WRITE_SETTINGS in package com.tencent.mtt.x86
W/PackageManager(  268): Unknown permission org.adw.launcher_donut.permission.READ_SETTINGS in package com.tencent.mtt.x86
W/PackageManager(  268): Unknown permission org.adw.launcher_donut.permission.WRITE_SETTINGS in package com.tencent.mtt.x86
W/PackageManager(  268): Unknown permission com.tencent.qqlauncher.permission.READ_SETTINGS in package com.tencent.mtt.x86
W/PackageManager(  268): Unknown permission com.tencent.qqlauncher.permission.WRITE_SETTINGS in package com.tencent.mtt.x86
W/PackageManager(  268): Unknown permission com.android.mylauncher.permission.READ_SETTINGS in package com.tencent.mtt.x86
W/PackageManager(  268): Unknown permission com.android.mylauncher.permission.WRITE_SETTINGS in package com.tencent.mtt.x86
W/PackageManager(  268): Unknown permission com.huawei.launcher2.permission.READ_SETTINGS in package com.tencent.mtt.x86
W/PackageManager(  268): Unknown permission com.huawei.launcher2.permission.WRITE_SETTINGS in package com.tencent.mtt.x86
W/PackageManager(  268): Unknown permission com.huawei.launcher3.permission.READ_SETTINGS in package com.tencent.mtt.x86
W/PackageManager(  268): Unknown permission com.huawei.launcher3.permission.WRITE_SETTINGS in package com.tencent.mtt.x86
W/PackageManager(  268): Unknown permission net.qihoo.launcher.permission.READ_SETTINGS in package com.tencent.mtt.x86
W/PackageManager(  268): Unknown permission net.qihoo.launcher.permission.WRITE_SETTINGS in package com.tencent.mtt.x86
W/PackageManager(  268): Unknown permission com.dianxinos.dxhome.permission.READ_SETTINGS in package com.tencent.mtt.x86
W/PackageManager(  268): Unknown permission com.dianxinos.dxhome.permission.WRITE_SETTINGS in package com.tencent.mtt.x86
W/PackageManager(  268): Unknown permission com.huawei.android.launcher.permission.READ_SETTINGS in package com.tencent.mtt.x86
W/PackageManager(  268): Unknown permission com.huawei.android.launcher.permission.WRITE_SETTINGS in package com.tencent.mtt.x86
W/PackageManager(  268): Unknown permission com.qihoo360.launcher.permission.READ_SETTINGS in package com.tencent.mtt.x86
W/PackageManager(  268): Unknown permission com.qihoo360.launcher.permission.WRITE_SETTINGS in package com.tencent.mtt.x86
W/PackageManager(  268): Unknown permission com.oppo.launcher.permission.READ_SETTINGS in package com.tencent.mtt.x86
W/PackageManager(  268): Unknown permission com.oppo.launcher.permission.WRITE_SETTINGS in package com.tencent.mtt.x86
W/PackageManager(  268): Unknown permission com.ztemt.launcher.permission.READ_SETTINGS in package com.tencent.mtt.x86
W/PackageManager(  268): Unknown permission com.ztemt.launcher.permission.WRITE_SETTINGS in package com.tencent.mtt.x86
W/PackageManager(  268): Unknown permission com.lenovo.launcher.permission.READ_SETTINGS in package com.tencent.mtt.x86
W/PackageManager(  268): Unknown permission com.lenovo.launcher.permission.WRITE_SETTINGS in package com.tencent.mtt.x86
W/PackageManager(  268): Unknown permission com.android.launcher3.permission.READ_SETTINGS in package com.tencent.mtt.x86
W/PackageManager(  268): Unknown permission com.android.launcher3.permission.WRITE_SETTINGS in package com.tencent.mtt.x86
W/PackageManager(  268): Unknown permission com.moxiu.launcher.permission.READ_SETTINGS in package com.tencent.mtt.x86
W/PackageManager(  268): Unknown permission com.moxiu.launcher.permission.WRITE_SETTINGS in package com.tencent.mtt.x86
W/PackageManager(  268): Unknown permission com.iLoong.permission.READ_SETTINGS in package com.tencent.mtt.x86
W/PackageManager(  268): Unknown permission com.iLoong.permission.WRITE_SETTINGS in package com.tencent.mtt.x86
W/PackageManager(  268): Unknown permission telecom.mdesk.permission.READ_SETTINGS in package com.tencent.mtt.x86
W/PackageManager(  268): Unknown permission telecom.mdesk.permission.WRITE_SETTINGS in package com.tencent.mtt.x86
W/PackageManager(  268): Unknown permission com.tencent.tmsecurelite.permission.ACCESS_SERVICE in package com.tencent.mtt.x86
W/PackageManager(  268): Not granting permission android.permission.BIND_ACCESSIBILITY_SERVICE to package com.tencent.mtt.x86 (protectionLevel=2 flags=0x183e44)
W/PackageManager(  268): Unknown permission com.android.ContactWidget.permission.READ_SETTINGS in package com.tencent.mtt.x86
W/PackageManager(  268): Unknown permission com.android.ContactWidget.permission.WRITE_SETTINGS in package com.tencent.mtt.x86
W/PackageManager(  268): Not granting permission android.permission.INTERACT_ACROSS_USERS to package com.tencent.mtt.x86 (protectionLevel=50 flags=0x183e44)
W/PackageManager(  268): Not granting permission android.permission.INTERACT_ACROSS_USERS_FULL to package com.tencent.mtt.x86 (protectionLevel=2 flags=0x183e44)
W/PackageManager(  268): Not granting permission android.permission.MOUNT_UNMOUNT_FILESYSTEMS to package com.tencent.mtt.x86 (protectionLevel=18 flags=0x183e44)
W/PackageManager(  268): Unknown permission com.lenovo.launcher.permission.BADGE_READ in package com.tencent.mtt.x86
W/PackageManager(  268): Unknown permission com.lenovo.launcher.permission.BADGE_WRITE in package com.tencent.mtt.x86
W/PackageManager(  268): Unknown permission com.huawei.android.launcher.permission.CHANGE_BADGE in package com.tencent.mtt.x86
W/PackageManager(  268): Unknown permission com.android.smspush.WAPPUSH_MANAGER_BIND in package com.android.phone
W/PackageManager(  268): Unknown permission com.google.android.googleapps.permission.GOOGLE_AUTH in package com.android.providers.calendar
W/PackageManager(  268): Unknown permission com.google.android.googleapps.permission.GOOGLE_AUTH.cl in package com.android.providers.calendar
W/PackageManager(  268): Unknown permission com.android.launcher.permission.READ_SETTINGS in package com.android.onetimeinitializer
W/PackageManager(  268): Unknown permission com.android.launcher.permission.WRITE_SETTINGS in package com.android.onetimeinitializer
W/PackageManager(  268): Unknown permission com.cyanogenmod.filemanager.permissions.READ_THEME in package com.cyanogenmod.filemanager
W/PackageManager(  268): Not granting permission android.permission.MOUNT_UNMOUNT_FILESYSTEMS to package com.lemon.lemonban (protectionLevel=18 flags=0x248be44)
W/PackageManager(  268): Unknown permission com.android.launcher.permission.READ_SETTINGS in package com.bignox.app.store.hd
W/PackageManager(  268): Unknown permission com.android.launcher.permission.WRITE_SETTINGS in package com.bignox.app.store.hd
D/dalvikvm(  268): GC_CONCURRENT freed 297K, 8% free 4737K/5100K, paused 1ms+1ms, total 5ms
D/dalvikvm(  268): WAIT_FOR_CONCURRENT_GC blocked 1ms
D/EventHub(  268): No input device configuration file found for device 'gpio-keys'.
W/EventHub(  268): Unable to disable kernel key repeat for /dev/input/event6: Function not implemented
I/EventHub(  268): Virtual keyboard mode is |0] [0]
I/EventHub(  268): Vrtual keyboard is set to Hardware mode
I/EventHub(  268): New device: id=4, fd=104, path='/dev/input/event6', name='gpio-keys', classes=0x81, configuration='', keyLayout='/system/usr/keylayout/gpio-keys.kl', keyCharacterMap='/system/usr/keychars/gpio-keys.kcm', builtinKeyboard=false, usingSuspendBlockIoctl=true, usingClockIoctl=true
I/EventHub(  268): ignoring event id /dev/input/event5 driver VirtualBox mouse integration
D/dalvikvm(  268): WAIT_FOR_CONCURRENT_GC blocked 2ms
D/WifiController(  268): WifiController msg { when=0 what=155656 target=com.android.internal.util.StateMachine$SmHandler } deferred for 496ms
I/SystemServer(  268): Connectivity Service
D/ConnectivityService(  268): ConnectivityService starting up
D/ConnectivityService(  268): wifiOnly=false
E/ConnectivityService(  268): Ignoring protectedNetwork 10
E/ConnectivityService(  268): Ignoring protectedNetwork 11
E/ConnectivityService(  268): Ignoring protectedNetwork 12
E/ConnectivityService(  268): Ignoring protectedNetwork 14
E/MobileDataStateTracker(  268): default: Ignoring feature request because could not acquire PhoneService
E/MobileDataStateTracker(  268): default: Could not enable APN type "default"
I/WifiService(  268): WifiService starting up with Wi-Fi enabled
D/WifiService(  268): setWifiEnabled: true pid=268, uid=1000
I/SystemServer(  268): Network Service Discovery Service
D/NsdService(  268): Network service discovery enabled true
I/SystemServer(  268): UpdateLock Service
I/SystemServer(  268): Notification Manager
I/SystemServer(  268): Device Storage Monitor
I/SystemServer(  268): Location Manager
I/SystemServer(  268): Country Detector
I/SystemServer(  268): Search Service
I/SystemServer(  268): DropBox Service
I/SystemServer(  268): Wallpaper Service
D/EventHub(  268): No input device configuration file found for device 'Sleep Button'.
W/EventHub(  268): Unable to disable kernel key repeat for /dev/input/event1: Function not implemented
I/EventHub(  268): Virtual keyboard mode is |0] [0]
I/EventHub(  268): Vrtual keyboard is set to Hardware mode
I/EventHub(  268): New device: id=5, fd=123, path='/dev/input/event1', name='Sleep Button', classes=0x1, configuration='', keyLayout='/system/usr/keylayout/Generic.kl', keyCharacterMap='/system/usr/keychars/Generic.kcm', builtinKeyboard=false, usingSuspendBlockIoctl=true, usingClockIoctl=true
D/EventHub(  268): No input device configuration file found for device 'Power Button'.
W/EventHub(  268): Unable to disable kernel key repeat for /dev/input/event0: Function not implemented
I/EventHub(  268): Virtual keyboard mode is |0] [0]
I/EventHub(  268): Vrtual keyboard is set to Hardware mode
I/EventHub(  268): New device: id=6, fd=122, path='/dev/input/event0', name='Power Button', classes=0x1, configuration='', keyLayout='/system/usr/keylayout/Generic.kl', keyCharacterMap='/system/usr/keychars/Generic.kcm', builtinKeyboard=false, usingSuspendBlockIoctl=true, usingClockIoctl=true
E/EventHub(  268): could not get driver version for /dev/input/mouse0, Not a typewriter
I/SystemServer(  268): Audio Service
I/EventHub(  268): ignoring event id /dev/input/event3 driver ImExPS/2 Generic Explorer Mouse
D/EventHub(  268): No input device configuration file found for device 'AT Translated Set 2 keyboard'.
I/EventHub(  268): Virtual keyboard mode is |0] [0]
I/EventHub(  268): Vrtual keyboard is set to Hardware mode
I/EventHub(  268): New device: id=7, fd=127, path='/dev/input/event2', name='AT Translated Set 2 keyboard', classes=0x3, configuration='', keyLayout='/system/usr/keylayout/AT_Translated_Set_2_keyboard.kl', keyCharacterMap='/system/usr/keychars/Generic.kcm', builtinKeyboard=false, usingSuspendBlockIoctl=true, usingClockIoctl=true
E/EventHub(  268): could not get driver version for /dev/input/mice, Not a typewriter
D/dalvikvm(  268): GC_CONCURRENT freed 274K, 7% free 4927K/5268K, paused 2ms+2ms, total 8ms
I/SystemServer(  268): Dock Observer
W/DockObserver(  268): This kernel does not have dock station support
I/SystemServer(  268): Wired Accessory Manager
W/WiredAccessoryManager(  268): This kernel does not have wired headset support
W/WiredAccessoryManager(  268): This kernel does not have usb audio support
W/WiredAccessoryManager(  268): This kernel does not have HDMI audio support
I/SystemServer(  268): USB Service
I/SystemServer(  268): Serial Service
I/SystemServer(  268): Twilight Service
I/SystemServer(  268): UI Mode Manager Service
I/SystemServer(  268): Backup Service
V/BackupManagerService(  268): Initializing package tracking
V/BackupManagerService(  268): No ancestral data
V/BackupManagerService(  268): addPackageParticipantsLocked: all
I/BackupManagerService(  268): Scheduling backup for new app android
D/BackupManagerService(  268): Now staging backup of android
I/BackupManagerService(  268): Scheduling backup for new app com.android.browser
D/BackupManagerService(  268): Now staging backup of com.android.browser
I/BackupManagerService(  268): Scheduling backup for new app com.android.providers.userdictionary
D/BackupManagerService(  268): Now staging backup of com.android.providers.userdictionary
I/BackupManagerService(  268): Scheduling backup for new app com.android.sharedstoragebackup
D/BackupManagerService(  268): Now staging backup of com.android.sharedstoragebackup
I/BackupManagerService(  268): Scheduling backup for new app com.android.providers.settings
D/BackupManagerService(  268): Now staging backup of com.android.providers.settings
V/BackupManagerService(  268): Starting with transport android/com.android.internal.backup.LocalTransport
V/BackupManagerService(  268): Found transports: 1
I/BackupManagerService(  268): Binding to transport host ComponentInfo{android/com.android.internal.backup.LocalTransportService}
I/BackupManagerService(  268): Found stale backup journal, scheduling
E/EventHub(  268): could not get driver version for /dev/input/mouse1, Not a typewriter
I/BackupManagerService(  268):   android
I/BackupManagerService(  268):   com.android.browser
I/BackupManagerService(  268):   com.android.providers.userdictionary
I/BackupManagerService(  268):   com.android.sharedstoragebackup
I/BackupManagerService(  268):   com.android.providers.settings
D/EventHub(  268): No input device configuration file found for device 'VirtualBox USB Tablet'.
I/EventHub(  268): New device: id=8, fd=132, path='/dev/input/event4', name='VirtualBox USB Tablet', classes=0x80000004, configuration='', keyLayout='', keyCharacterMap='', builtinKeyboard=false, usingSuspendBlockIoctl=true, usingClockIoctl=true
I/InputReader(  268): Device added: id=-1, name='Virtual', sources=0x00000301
I/InputReader(  268):   Touch device 'VirtualBox USB Tablet' could not query the properties of its associated display.  The device will be inoperable until the display size becomes available.
I/InputReader(  268): Device added: id=8, name='VirtualBox USB Tablet', sources=0x00001002
I/InputReader(  268): Device added: id=7, name='AT Translated Set 2 keyboard', sources=0x00000101
I/InputReader(  268): Device added: id=6, name='Power Button', sources=0x00000101
I/InputReader(  268): Device added: id=5, name='Sleep Button', sources=0x00000101
I/InputReader(  268): Device added: id=4, name='gpio-keys', sources=0x80000101
I/InputReader(  268):   Touch device 'Android Input' could not query the properties of its associated display.  The device will be inoperable until the display size becomes available.
I/InputReader(  268): Device added: id=3, name='Android Input', sources=0x00001303
I/InputReader(  268): Device added: id=2, name='mouse', sources=0x00002002
I/InputReader(  268):   Touch device 'seamless mouse' could not query the properties of its associated display.  The device will be inoperable until the display size becomes available.
I/InputReader(  268): Device added: id=1, name='seamless mouse', sources=0x00001002
I/WindowManager(  268): SAFE MODE not enabled
I/InputReader(  268): Reconfiguring input devices.  changes=0x00000004
I/InputReader(  268): Device reconfigured: id=1, name='seamless mouse', size 1280x720, orientation 0, mode 1, display id 0
I/InputReader(  268): Device reconfigured: id=3, name='Android Input', size 1280x720, orientation 0, mode 1, display id 0
I/InputReader(  268): Device reconfigured: id=8, name='VirtualBox USB Tablet', size 1280x720, orientation 0, mode 1, display id 0
I/BackupManagerService(  268): Backup enabled => false
I/BackupManagerService(  268): Opting out of backup
I/SystemServer(  268): AppWidget Service
I/SystemServer(  268): Recognition Service
I/SystemServer(  268): DiskStats Service
I/SystemServer(  268): SamplingProfiler Service
I/SystemServer(  268): NetworkTimeUpdateService
I/SystemServer(  268): CommonTimeManagementService
I/SystemServer(  268): CertBlacklister
I/SystemServer(  268): Dreams Service
I/SystemServer(  268): Assets Atlas Service
I/SystemServer(  268): IdleMaintenanceService
I/SystemServer(  268): Print Service
I/SystemServer(  268): Media Router Service
I/ActivityManager(  268): Config changes=78 {1.0 460mcc7mnc zh_CN ldltr sw480dp w853dp h454dp 240dpi lrg long land ?uimode ?night finger qwerty/v/v dpad/v s.4}
D/Atlas   (  268): Loaded configuration: SliceMinArea (768x768) flags=0x2 count=25
W/WindowManager(  268): updateFocusedWindowLocked, focusedAppToken is null.
I/Zygote  (  268): Process: zygote socket opened
D/        (  268): HostConnection::get() New Host Connection established 0xb9724260, tid 324
V/KeyguardServiceDelegate(  268): *** Keyguard started
V/KeyguardServiceDelegate(  268): onSystemReady() called before keyguard service was ready
I/ActivityManager(  268): Start proc com.android.systemui for service com.android.keyguard/.KeyguardService: pid=325 uid=10006 gids={50006, 1028, 1015, 1023, 1035, 3002, 3001}
I/dalvikvm(  268): ignoring registerObject request in thread=1
I/dalvikvm(  268): ignoring registerObject request in thread=1
I/dalvikvm(  325): ignoring registerObject request in thread=1
I/dalvikvm(  325): ignoring registerObject request in thread=1
I/AppOps  (  268): Pruning old package root/0: new uid=-1
I/AppOps  (  268): Pruning old package media/1013: new uid=-1
I/ActivityManager(  268): System now ready
I/SystemServer(  268): Making services ready
D/libEGL  (  268): loaded /system/lib/egl/libEGL_adreno.so
D/dalvikvm(  268): GC_CONCURRENT freed 321K, 8% free 5091K/5480K, paused 0ms+1ms, total 19ms
W/libsuspend(  268): Error writing 'on' to /sys/power/state: Invalid argument
E/libsuspend(  268): Error opening /sys/power/autosleep: No such file or directory
E/libsuspend(  268): Error opening /sys/power/wakeup_count: Permission denied
E/libsuspend(  268): failed to initialize autosuspend
D/NetworkManagementService(  268): enabling bandwidth control
W/MountService(  268): Duplicate state transition (mounted -> mounted) for /storage/emulated/0
D/libEGL  (  268): loaded /system/lib/egl/libGLESv1_CM_adreno.so
D/libEGL  (  268): loaded /system/lib/egl/libGLESv2_adreno.so
E/EGL_emulation(  268): egl: destroying current context refused
W/libEGL  (  268): eglTerminate() called w/ 1 objects remaining
D/Atlas   (  268): Rendered atlas in 42.27ms (0.42+41.85ms)
I/iptables(  159): iptables: No chain/target/match by that name.
I/iptables(  159): iptables terminated by exit(1)
E/BandwidthController(  159): runIptablesCmd(): res=1 status=256 failed /system/bin/iptables -A bw_INPUT -m owner --socket-exists
I/ip6tables(  159): ip6tables: No chain/target/match by that name.
I/ip6tables(  159): ip6tables terminated by exit(1)
E/BandwidthController(  159): runIptablesCmd(): res=1 status=256 failed /system/bin/ip6tables -A bw_INPUT -m owner --socket-exists
F/NetworkManagementService(  268): problem enabling bandwidth controls
F/NetworkManagementService(  268): com.android.server.NativeDaemonConnector$NativeDaemonFailureException: command '1 bandwidth enable' failed with '400 1 Bandwidth command failed'
F/NetworkManagementService(  268): 	at com.android.server.NativeDaemonConnector.execute(NativeDaemonConnector.java:392)
F/NetworkManagementService(  268): 	at com.android.server.NativeDaemonConnector.executeForList(NativeDaemonConnector.java:328)
F/NetworkManagementService(  268): 	at com.android.server.NativeDaemonConnector.execute(NativeDaemonConnector.java:293)
F/NetworkManagementService(  268): 	at com.android.server.NetworkManagementService.prepareNativeDaemon(NetworkManagementService.java:348)
F/NetworkManagementService(  268): 	at com.android.server.NetworkManagementService.systemReady(NetworkManagementService.java:224)
F/NetworkManagementService(  268): 	at com.android.server.ServerThread$2.run(SystemServer.java:962)
F/NetworkManagementService(  268): 	at com.android.server.am.ActivityManagerService.systemReady(ActivityManagerService.java:9393)
F/NetworkManagementService(  268): 	at com.android.server.ServerThread.initAndLoop(SystemServer.java:939)
F/NetworkManagementService(  268): 	at com.android.server.SystemServer.main(SystemServer.java:1209)
F/NetworkManagementService(  268): 	at java.lang.reflect.Method.invokeNative(Native Method)
F/NetworkManagementService(  268): 	at java.lang.reflect.Method.invoke(Method.java:515)
F/NetworkManagementService(  268): 	at com.android.internal.os.ZygoteInit$MethodAndArgsCaller.run(ZygoteInit.java:779)
F/NetworkManagementService(  268): 	at com.android.internal.os.ZygoteInit.main(ZygoteInit.java:595)
F/NetworkManagementService(  268): 	at dalvik.system.NativeStart.main(Native Method)
V/KeyguardService(  325): onCreate()
I/iptables(  159): iptables: No chain/target/match by that name.
I/iptables(  159): iptables terminated by exit(1)
E/Netd    (  159): exec() res=0, status=256 for /system/bin/iptables -F fw_INPUT 
I/ip6tables(  159): ip6tables: No chain/target/match by that name.
I/ip6tables(  159): ip6tables terminated by exit(1)
E/Netd    (  159): exec() res=0, status=256 for /system/bin/ip6tables -F fw_INPUT 
I/iptables(  159): iptables: No chain/target/match by that name.
I/iptables(  159): iptables terminated by exit(1)
E/Netd    (  159): exec() res=0, status=256 for /system/bin/iptables -F fw_OUTPUT 
I/ip6tables(  159): ip6tables: No chain/target/match by that name.
I/ip6tables(  159): ip6tables terminated by exit(1)
E/Netd    (  159): exec() res=0, status=256 for /system/bin/ip6tables -F fw_OUTPUT 
I/iptables(  159): iptables: No chain/target/match by that name.
I/iptables(  159): iptables terminated by exit(1)
E/Netd    (  159): exec() res=0, status=256 for /system/bin/iptables -F fw_FORWARD 
I/ip6tables(  159): ip6tables: No chain/target/match by that name.
I/ip6tables(  159): ip6tables terminated by exit(1)
E/Netd    (  159): exec() res=0, status=256 for /system/bin/ip6tables -F fw_FORWARD 
W/SystemServer(  268): ***********************************************
F/SystemServer(  268): BOOT FAILURE making Network Managment Service ready
F/SystemServer(  268): java.lang.IllegalStateException: command '2 firewall disable' failed with '400 2 Firewall command failed'
F/SystemServer(  268): 	at com.android.server.NetworkManagementService.setFirewallEnabled(NetworkManagementService.java:1617)
F/SystemServer(  268): 	at com.android.server.NetworkManagementService.prepareNativeDaemon(NetworkManagementService.java:401)
F/SystemServer(  268): 	at com.android.server.NetworkManagementService.systemReady(NetworkManagementService.java:224)
F/SystemServer(  268): 	at com.android.server.ServerThread$2.run(SystemServer.java:962)
F/SystemServer(  268): 	at com.android.server.am.ActivityManagerService.systemReady(ActivityManagerService.java:9393)
F/SystemServer(  268): 	at com.android.server.ServerThread.initAndLoop(SystemServer.java:939)
F/SystemServer(  268): 	at com.android.server.SystemServer.main(SystemServer.java:1209)
F/SystemServer(  268): 	at java.lang.reflect.Method.invokeNative(Native Method)
F/SystemServer(  268): 	at java.lang.reflect.Method.invoke(Method.java:515)
F/SystemServer(  268): 	at com.android.internal.os.ZygoteInit$MethodAndArgsCaller.run(ZygoteInit.java:779)
F/SystemServer(  268): 	at com.android.internal.os.ZygoteInit.main(ZygoteInit.java:595)
F/SystemServer(  268): 	at dalvik.system.NativeStart.main(Native Method)
F/SystemServer(  268): Caused by: com.android.server.NativeDaemonConnector$NativeDaemonFailureException: command '2 firewall disable' failed with '400 2 Firewall command failed'
F/SystemServer(  268): 	at com.android.server.NativeDaemonConnector.execute(NativeDaemonConnector.java:392)
F/SystemServer(  268): 	at com.android.server.NativeDaemonConnector.executeForList(NativeDaemonConnector.java:328)
F/SystemServer(  268): 	at com.android.server.NativeDaemonConnector.execute(NativeDaemonConnector.java:293)
F/SystemServer(  268): 	at com.android.server.NetworkManagementService.setFirewallEnabled(NetworkManagementService.java:1614)
F/SystemServer(  268): 	... 11 more
E/WVMExtractor(  166): Failed to open libwvm.so
D/SystemUIService(  325): loading: class com.android.systemui.recent.Recents
D/SystemUIService(  325): running: com.android.systemui.recent.Recents@4a7b274c
D/SystemUIService(  325): loading: class com.android.systemui.statusbar.SystemBars
D/SystemUIService(  325): running: com.android.systemui.statusbar.SystemBars@4a7b2a1c
D/SystemUIService(  325): loading: class com.android.systemui.usb.StorageNotification
D/SystemUIService(  325): running: com.android.systemui.usb.StorageNotification@4a7b39ac
D/SystemUIService(  325): loading: class com.android.systemui.power.PowerUI
D/SystemUIService(  325): running: com.android.systemui.power.PowerUI@4a7b4488
D/SystemUIService(  325): loading: class com.android.systemui.media.RingtonePlayer
D/SystemUIService(  325): running: com.android.systemui.media.RingtonePlayer@4a7b4c24
D/SystemUIService(  325): loading: class com.android.systemui.settings.SettingsUI
D/SystemUIService(  325): running: com.android.systemui.settings.SettingsUI@4a7b5558
E/cutils-trace(  166): Error opening trace file: No such file or directory (2)
I/iptables(  159): iptables: No chain/target/match by that name.
D/PhoneStatusBar(  325): mSettingsPanelGravity = 55
W/NetworkStats(  268): bandwidth controls disabled, unable to track stats
W/NetworkPolicy(  268): bandwidth controls disabled, unable to enforce policy
I/StatusBarManagerService(  268): registerStatusBar bar=com.android.internal.statusbar.IStatusBar$Stub$Proxy@4a87efcc
I/iptables(  159): iptables terminated by exit(1)
E/Netd    (  159): exec() res=0, status=256 for /system/bin/iptables -F fw_INPUT 
I/ip6tables(  159): ip6tables: No chain/target/match by that name.
I/ip6tables(  159): ip6tables terminated by exit(1)
E/Netd    (  159): exec() res=0, status=256 for /system/bin/ip6tables -F fw_INPUT 
I/iptables(  159): iptables: No chain/target/match by that name.
I/iptables(  159): iptables terminated by exit(1)
E/Netd    (  159): exec() res=0, status=256 for /system/bin/iptables -F fw_OUTPUT 
I/ip6tables(  159): ip6tables terminated by exit(1)
E/Netd    (  159): exec() res=0, status=256 for /system/bin/ip6tables -F fw_OUTPUT 
I/iptables(  159): iptables: No chain/target/match by that name.
I/iptables(  159): iptables terminated by exit(1)
E/Netd    (  159): exec() res=0, status=256 for /system/bin/iptables -F fw_FORWARD 
I/ip6tables(  159): ip6tables: No chain/target/match by that name.
I/ip6tables(  159): ip6tables: No chain/target/match by that name.
I/ip6tables(  159): ip6tables terminated by exit(1)
E/Netd    (  159): exec() res=0, status=256 for /system/bin/ip6tables -F fw_FORWARD 
F/SystemServer(  268): BOOT FAILURE making Connectivity Service ready
F/SystemServer(  268): java.lang.IllegalStateException: command '3 firewall disable' failed with '400 3 Firewall command failed'
F/SystemServer(  268): 	at com.android.server.NetworkManagementService.setFirewallEnabled(NetworkManagementService.java:1617)
F/SystemServer(  268): 	at com.android.server.ConnectivityService.setLockdownTracker(ConnectivityService.java:3908)
F/SystemServer(  268): 	at com.android.server.ConnectivityService.updateLockdownVpn(ConnectivityService.java:3883)
F/SystemServer(  268): 	at com.android.server.ConnectivityService.systemReady(ConnectivityService.java:2235)
F/SystemServer(  268): 	at com.android.server.ServerThread$2.run(SystemServer.java:977)
F/SystemServer(  268): 	at com.android.server.am.ActivityManagerService.systemReady(ActivityManagerService.java:9393)
F/SystemServer(  268): 	at com.android.server.ServerThread.initAndLoop(SystemServer.java:939)
F/SystemServer(  268): 	at com.android.server.SystemServer.main(SystemServer.java:1209)
F/SystemServer(  268): 	at java.lang.reflect.Method.invokeNative(Native Method)
F/SystemServer(  268): 	at java.lang.reflect.Method.invoke(Method.java:515)
F/SystemServer(  268): 	at com.android.internal.os.ZygoteInit$MethodAndArgsCaller.run(ZygoteInit.java:779)
F/SystemServer(  268): 	at com.android.internal.os.ZygoteInit.main(ZygoteInit.java:595)
F/SystemServer(  268): 	at dalvik.system.NativeStart.main(Native Method)
F/SystemServer(  268): Caused by: com.android.server.NativeDaemonConnector$NativeDaemonFailureException: command '3 firewall disable' failed with '400 3 Firewall command failed'
F/SystemServer(  268): 	at com.android.server.NativeDaemonConnector.execute(NativeDaemonConnector.java:392)
F/SystemServer(  268): 	at com.android.server.NativeDaemonConnector.executeForList(NativeDaemonConnector.java:328)
F/SystemServer(  268): 	at com.android.server.NativeDaemonConnector.execute(NativeDaemonConnector.java:293)
F/SystemServer(  268): 	at com.android.server.NetworkManagementService.setFirewallEnabled(NetworkManagementService.java:1614)
F/SystemServer(  268): 	... 12 more
W/SystemServer(  268): ***********************************************
D/dalvikvm(  325): JIT code cache reset in 0 ms (0 bytes 1/0)
D/dalvikvm(  325): GC_CONCURRENT freed 136K, 7% free 3085K/3284K, paused 1ms+1ms, total 3ms
D/WifiController(  268): DEFERRED_TOGGLE handled
E/WifiStateMachine(  268): Failed to reload STA firmware java.lang.IllegalArgumentException: command '4 softap fwreload eth1 STA' failed with '501 4 SoftAP command has failed'
I/ActivityManager(  268): Config changes=200 {1.0 460mcc7mnc zh_CN ldltr sw480dp w853dp h454dp 240dpi lrg long land finger qwerty/v/v dpad/v s.5}
W/RecognitionManagerService(  268): no available voice recognition services found for user 0
W/ContextImpl(  268): Calling a method in the system process without a qualified user: android.app.ContextImpl.sendBroadcast:1123 com.android.server.usb.UsbSettingsManager.deviceAttached:621 com.android.server.usb.UsbHostManager.usbDeviceAdded:156 com.android.server.usb.UsbHostManager.monitorUsbHostBus:-2 com.android.server.usb.UsbHostManager.access$000:38 
D/CommandListener(  159): Setting iface cfg
D/CommandListener(  159): Trying to bring down eth1
E/Netd    (  159): Failed to open /proc/sys/net/ipv6/conf/eth1/use_tempaddr: No such file or directory
E/WifiStateMachine(  268): Unable to change interface settings: java.lang.IllegalStateException: command '7 interface ipv6privacyextensions eth1 enable' failed with '400 7 Failed to set ipv6 privacy extensions (No such file or directory)'
D/dalvikvm(  325): GC_FOR_ALLOC freed 11K, 6% free 3142K/3340K, paused 2ms, total 2ms
I/dalvikvm-heap(  325): Grow heap (frag case) to 3.729MB for 635808-byte allocation
D/dalvikvm(  325): GC_CONCURRENT freed 1K, 6% free 3762K/3964K, paused 2ms+0ms, total 3ms
D/WifiMonitor(  268): startMonitoring(eth1) with mConnected = false
E/WifiHW  (  268): Unable to open connection to supplicant on "@android:wpa_eth1": No such file or directory
I/dalvikvm(  386): ignoring registerObject request in thread=1
I/dalvikvm(  386): ignoring registerObject request in thread=1
I/ActivityManager(  268): Start proc com.android.settings for broadcast com.android.settings/.widget.SettingsAppWidgetProvider: pid=386 uid=1000 gids={41000, 1028, 1015, 1023, 3002, 3001, 3003, 1007}
W/InputMethodManagerService(  268): Ignoring setImeWindowStatus of uid 1000 token: null
D/dalvikvm(  268): GC_CONCURRENT freed 375K, 8% free 5181K/5624K, paused 0ms+1ms, total 5ms
I/ActivityManager(  268): Start proc com.example.android.softkeyboard for service com.example.android.softkeyboard/.SoftKeyboard: pid=397 uid=10025 gids={50025}
V/InputMethodManagerService(  268): Adding window token: android.os.Binder@4a8f7c08
I/dalvikvm(  397): ignoring registerObject request in thread=1
I/dalvikvm(  397): ignoring registerObject request in thread=1
I/wpa_supplicant(  385): Successfully initialized wpa_supplicant
W/ServiceWatcher(  268): com.google.android.gms not found
W/ServiceWatcher(  268): com.google.android.gms not found
W/ServiceWatcher(  268): com.google.android.gms not found
W/ServiceWatcher(  268): com.google.android.gms not found
E/FlpHardwareProvider(  268): Error hw_get_module 'flp': -2
W/ServiceWatcher(  268): com.google.android.gms not found
E/FlpHardwareProvider(  268): Error hw_get_module 'flp': -2
W/ServiceWatcher(  268): com.google.android.gms not found
I/CommonTimeManagementService(  268): No common time service detected on this platform.  Common time services will be unavailable.
I/InputReader(  268): Reconfiguring input devices.  changes=0x00000020
E/GpsLocationProvider(  268): no AGPS interface in set_agps_server
I/InputReader(  268): Reconfiguring input devices.  changes=0x00000010
W/LocationManagerService(  268): no network location provider found
E/LocationManagerService(  268): no geocoder provider found
E/LocationManagerService(  268): No FusedProvider found.
E/LocationManagerService(  268): no geofence provider found
I/ActivityManager(  268): Start proc com.android.phone for added application com.android.phone: pid=412 uid=1001 gids={41001, 3002, 3001, 3003, 1028, 1015, 1023}
I/ActivityManager(  268): START u0 {act=android.intent.action.MAIN cat=[android.intent.category.HOME] flg=0x10000000 cmp=com.vphone.launcher/.Launcher} from pid 0
I/ActivityManager(  268): Start proc com.vphone.launcher for activity com.vphone.launcher/.Launcher: pid=423 uid=1000 gids={41000, 1028, 1015, 1023, 3002, 3001, 3003, 1007}
W/ActivityManager(  268): Unable to start service Intent { cmp=com.android.printspooler/.PrintSpoolerService } U=0: not found
I/Choreographer(  268): Skipped 32 frames!  The application may be doing too much work on its main thread.
D/BluetoothManagerService(  268): Message: 20
D/BluetoothManagerService(  268): Added callback: android.bluetooth.IBluetoothManagerCallback$Stub$Proxy@4a8f36cc:true
I/dalvikvm(  412): ignoring registerObject request in thread=1
V/KeyguardServiceDelegate(  268): *** Keyguard connected (yay!)
I/dalvikvm(  412): ignoring registerObject request in thread=1
I/dalvikvm(  423): ignoring registerObject request in thread=1
I/dalvikvm(  423): ignoring registerObject request in thread=1
D/BluetoothAdapter(  386): 1249563392: getState() :  mService = null. Returning STATE_OFF
D/BluetoothManagerService(  268): Message: 300
D/BluetoothManagerService(  268): MESSAGE_USER_SWITCHED
W/InputMethodManagerService(  268): Focus gain on non-focused client android.view.inputmethod.InputMethodManager$1@4a8d6e44 (uid=1000 pid=268)
D/BluetoothManagerService(  268): Message: 30
E/BluetoothInputDevice(  386): Could not bind to Bluetooth HID Service with Intent { act=android.bluetooth.IBluetoothInputDevice }
D/BluetoothManagerService(  268): Message: 30
E/BluetoothPan(  386): Could not bind to Bluetooth Pan Service with Intent { act=android.bluetooth.IBluetoothPan }
D/LocalBluetoothProfileManager(  386): Adding local MAP profile
D/BluetoothMap(  386): Create BluetoothMap proxy object
D/BluetoothManagerService(  268): Message: 30
E/BluetoothMap(  386): Could not bind to Bluetooth MAP Service with Intent { act=android.bluetooth.IBluetoothMap }
D/BluetoothManagerService(  268): Message: 30
E/BluetoothPbap(  386): Could not bind to Bluetooth Pbap Service with Intent { act=android.bluetooth.IBluetoothPbap }
D/LocalBluetoothProfileManager(  386): LocalBluetoothProfileManager construction complete
D/BluetoothAdapter(  386): 1249563392: getState() :  mService = null. Returning STATE_OFF
D/BluetoothAdapter(  386): 1249563392: getState() :  mService = null. Returning STATE_OFF
D/BluetoothAdapter(  386): 1249563392: getState() :  mService = null. Returning STATE_OFF
