D/BluetoothManagerService(  268): Message: 20
D/BluetoothManagerService(  268): Added callback: android.bluetooth.IBluetoothManagerCallback$Stub$Proxy@4a90464c:true
D/BluetoothAdapter(  325): 1249526620: getState() :  mService = null. Returning STATE_OFF
D/BluetoothAdapter(  325): 1249526620: getState() :  mService = null. Returning STATE_OFF
D/dalvikvm(  268): GC_CONCURRENT freed 338K, 8% free 5334K/5740K, paused 1ms+2ms, total 12ms
V/BackupManagerService(  268): Connected to transport ComponentInfo{android/com.android.internal.backup.LocalTransportService}
V/BackupManagerService(  268): Registering transport android/com.android.internal.backup.LocalTransportService::android/com.android.internal.backup.LocalTransport = com.android.internal.backup.LocalTransport@4a8f2c0c
D/BluetoothAdapter(  325): 1249526620: getState() :  mService = null. Returning STATE_OFF
D/dalvikvm(  325): GC_CONCURRENT freed 195K, 6% free 3964K/4216K, paused 1ms+2ms, total 7ms
D/PhoneStatusBar(  325): disable: < expand icons alerts ticker system_info back home recent clock search >
I/ActivityManager(  268): Start proc android.process.acore for content provider com.android.providers.contacts/.ContactsProvider2: pid=441 uid=10002 gids={50002, 3003, 1028, 1015, 1023}
I/dalvikvm(  441): ignoring registerObject request in thread=1
I/dalvikvm(  441): ignoring registerObject request in thread=1
D/BluetoothAdapter(  325): 1249526620: getState() :  mService = null. Returning STATE_OFF
D/BluetoothAdapter(  325): 1249526620: getState() :  mService = null. Returning STATE_OFF
D/PhoneStatusBar(  325): heads up is disabled
D/PhoneStatusBar(  325): mSettingsPanelGravity = 55
D/dalvikvm(  441): JIT code cache reset in 0 ms (0 bytes 1/0)
D/dalvikvm(  441): GC_CONCURRENT freed 196K, 8% free 3058K/3312K, paused 2ms+0ms, total 8ms
D/libEGL  (  325): loaded /system/lib/egl/libEGL_adreno.so
D/        (  325): HostConnection::get() New Host Connection established 0xb968f8e0, tid 325
D/libEGL  (  325): loaded /system/lib/egl/libGLESv1_CM_adreno.so
D/libEGL  (  325): loaded /system/lib/egl/libGLESv2_adreno.so
W/EGL_emulation(  325): eglSurfaceAttrib not implemented 3093 12436
D/OpenGLRenderer(  325): Enabling debug mode 0
D/BluetoothManagerService(  268): Message: 20
D/BluetoothManagerService(  268): Added callback: android.bluetooth.IBluetoothManagerCallback$Stub$Proxy@4a85e34c:true
D/PhoneStatusBar(  325): disable: < EXPAND* icons alerts TICKER* system_info back home RECENT* clock SEARCH* >
D/dalvikvm(  325): GC_CONCURRENT freed 121K, 5% free 4256K/4436K, paused 1ms+0ms, total 3ms
W/WindowManager(  268): updateFocusedWindowLocked, focusedAppToken is null.
V/KeyguardHostView(  325): Initial transport state: 1, pbstate=0
D/dalvikvm(  325): GC_CONCURRENT freed 50K, 3% free 4620K/4756K, paused 3ms+0ms, total 6ms
D/dalvikvm(  412): GC_CONCURRENT freed 143K, 7% free 3097K/3300K, paused 5ms+0ms, total 8ms
D/BluetoothManagerService(  268): Message: 30
E/BluetoothHeadset(  412): Could not bind to Bluetooth Headset Service with Intent { act=android.bluetooth.IBluetoothHeadset }
D/CallNotifier(  412): CallNotifier: mSignalInfoToneGenerator created when toneplay
D/BluetoothManagerService(  268): Message: 30
E/BluetoothHeadset(  412): Could not bind to Bluetooth Headset Service with Intent { act=android.bluetooth.IBluetoothHeadset }
D/MobileDataStateTracker(  268): default: Broadcast received: android.intent.action.ANY_DATA_STATE apnType=default
D/TelephonyDebugService(  412): TelephonyDebugService()
D/BluetoothManagerService(  268): Message: 30
E/BluetoothHeadset(  412): Could not bind to Bluetooth Headset Service with Intent { act=android.bluetooth.IBluetoothHeadset }
E/BluetoothPhoneService(  412): Could not get a handle on Connection object for the call
W/CallNotifier(  412): Got onMwiChanged() on non-voice-capable device! Ignoring...
I/PhoneApp(  412): Headset phone created, binding local service.
D/MobileDataStateTracker(  268): default: Received state=DISCONNECTED, old=DISCONNECTED, reason=radioTurnedOff
D/MobileDataStateTracker(  268): default: Broadcast received: android.intent.action.ANY_DATA_STATE apnType=default
D/MobileDataStateTracker(  268): default: Received state=DISCONNECTED, old=DISCONNECTED, reason=radioTurnedOff
D/MobileDataStateTracker(  268): default: Broadcast received: android.intent.action.ANY_DATA_STATE apnType=default
D/MobileDataStateTracker(  268): default: Received state=DISCONNECTED, old=DISCONNECTED, reason=dataDetached
V/KeyguardHostView(  325): music state changed: 0
I/dalvikvm(  423): Could not find method android.view.ViewAnimationUtils.createCircularReveal, referenced from method com.vphone.launcher.Launcher.a
W/dalvikvm(  423): VFY: unable to resolve static method 16870: Landroid/view/ViewAnimationUtils;.createCircularReveal (Landroid/view/View;IIFF)Landroid/animation/Animator;
D/dalvikvm(  423): VFY: replacing opcode 0x71 at 0x0269
W/EGL_emulation(  325): eglSurfaceAttrib not implemented 3093 12436
D/Launcher.LauncherProvider(  423): 11683562 - initializeMaxScreenId(): 1
D/dalvikvm(  325): GC_FOR_ALLOC freed 38K, 3% free 4671K/4768K, paused 3ms, total 3ms
I/dalvikvm-heap(  325): Grow heap (frag case) to 10.866MB for 6553612-byte allocation
D/dalvikvm(  325): GC_CONCURRENT freed 1K, 1% free 11069K/11172K, paused 0ms+1ms, total 2ms
V/Launcher(  423): LauncherAppState inited
D/dalvikvm(  423): GC_CONCURRENT freed 216K, 9% free 3114K/3400K, paused 0ms+1ms, total 2ms
D/dalvikvm(  423): WAIT_FOR_CONCURRENT_GC blocked 1ms
D/Launcher.Model(  423): Old launcher provider: content://com.android.launcher2.settings/favorites?notify=true
D/Launcher.Model(  423): Old launcher provider does not exist.
I/PackageManager(  268):   Action: "android.intent.action.MAIN"
I/PackageManager(  268):   Category: "android.intent.category.HOME"
I/PackageManager(  268):   Category: "android.intent.category.DEFAULT"
I/PackageManager(  268): Adding preferred activity ComponentInfo{com.vphone.launcher/com.vphone.launcher.Launcher} for user 0 :
W/ImageLoader(  423): diskCache() and diskCacheFileNameGenerator() calls overlap each other
W/ContextImpl(  423): Calling a method in the system process without a qualified user: android.app.ContextImpl.startService:1492 android.content.ContextWrapper.startService:494 com.vphone.launcher.LauncherApplication.onCreate:113 android.app.Instrumentation.callApplicationOnCreate:1024 android.app.ActivityThread.handleBindApplication:4346 
D/dalvikvm(  423): GC_CONCURRENT freed 56K, 7% free 3446K/3680K, paused 3ms+1ms, total 8ms
V/KeyguardServiceDelegate(  268): **** SHOWN CALLED ****
W/ActivityThread(  423): ClassLoader.loadClass: The class loader returned by Thread.getContextClassLoader() may fail for processes that host multiple applications. You should explicitly specify a context class loader. For example: Thread.setContextClassLoader(getClass().getClassLoader());
D/dalvikvm(  423): GC_CONCURRENT freed 284K, 9% free 3595K/3940K, paused 2ms+1ms, total 4ms
D/WifiService(  268): setWifiEnabled: true pid=423, uid=1000
D/dalvikvm(  412): GC_CONCURRENT freed 261K, 9% free 3229K/3548K, paused 3ms+1ms, total 11ms
D/su      (  493): su invoked.
D/su      (  493): starting daemon client 1000 1000
D/su      (  495): remote pid: 493
D/su      (  495): remote pts_slave: 
D/su      (  495): waiting for child exit
W/Launcher(  423): setApplicationContext called twice! old=com.vphone.launcher.LauncherApplication@4a7ab0a4 new=com.vphone.launcher.LauncherApplication@4a7ab0a4
D/su      (  497): su invoked.
D/su      (  497): 1000 /system/xbin/su executing 0 /system/bin/sh using binary /system/bin/sh : sh
W/SocketClient(  159): write error (Broken pipe)
D/PhoneStatusBar(  325): disable: < EXPAND icons alerts TICKER system_info BACK* HOME* RECENT clock SEARCH >
D/su      (  495): sending code
D/su      (  495): child exited
D/su      (  493): client exited 255
V/KeyguardHostView(  325): Initial transport state: 1, pbstate=0
I/ContactLocale(  441): AddressBook Labels [zh_CN]: [, A, B, C, D, E, F, G, H, I, J, K, L, M, N, O, P, Q, R, S, T, U, V, W, X, Y, Z, , , , , , , , , , , , , , , , , , , , , , , , , , , , , , , , , , , , , , , , , , , , , , , , , , , , , , , , , , , , , , , , , , , , , , , , , , , , , , , , , , , , , , , , , , , , , , , , , , , , , , , , , , , , , , , , , , , , , , , , , , , , , , , , , , , , , , , , , , , , , , , , , , , , , , , , , , , , #, ]
D/dalvikvm(  423): GC_CONCURRENT freed 351K, 11% free 3676K/4088K, paused 1ms+1ms, total 3ms
V/KeyguardHostView(  325): music state changed: 0
I/dalvikvm(  423): Could not find method android.view.ViewAnimationUtils.createCircularReveal, referenced from method com.vphone.launcher.LauncherAnimUtils.createCircularReveal
W/dalvikvm(  423): VFY: unable to resolve static method 16870: Landroid/view/ViewAnimationUtils;.createCircularReveal (Landroid/view/View;IIFF)Landroid/animation/Animator;
D/dalvikvm(  423): VFY: replacing opcode 0x71 at 0x0000
W/ResourceType(  423): Attempt to retrieve bag 0x7f0e00a4 which is invalid or in a cycle.
D/AndroidRuntime(  498): 
D/AndroidRuntime(  498): >>>>>> AndroidRuntime START com.android.internal.os.RuntimeInit <<<<<<
W/Searchables(  268): No global search activity found
D/Launcher.Model(  423): 11683562 - loadWorkspace()
D/Launcher.Model(  423): 11683562 -   loadedOldDb: false
W/ContextImpl(  423): Calling a method in the system process without a qualified user: android.app.ContextImpl.startService:1492 android.content.ContextWrapper.startService:494 com.vphone.launcher.Launcher.g:677 com.vphone.launcher.Launcher.a:176 com.vphone.launcher.Launcher$11.run:633 
D/dalvikvm(  423): GC_CONCURRENT freed 89K, 4% free 4034K/4176K, paused 1ms+0ms, total 8ms
D/Launcher.Model(  423): Invalid package: ComponentInfo{com.vphone.launcher.ad.icon/com.vphone.launcher.icon} (check again later)
D/dalvikvm(  423): GC_CONCURRENT freed 287K, 8% free 4198K/4544K, paused 0ms+2ms, total 7ms
D/AndroidRuntime(  498): CheckJNI is OFF
D/dalvikvm(  498): Using executionMode 2
D/dalvikvm(  498): Trying to load lib libjavacore.so 0x0
D/dalvikvm(  498): Added shared lib libjavacore.so 0x0
D/dalvikvm(  498): Trying to load lib libnativehelper.so 0x0
D/dalvikvm(  498): Added shared lib libnativehelper.so 0x0
D/dalvikvm(  498): No JNI_OnLoad found in libnativehelper.so 0x0, skipping init
I/wpa_supplicant(  385): eth1: Trying to associate with 01:80:c2:00:00:03 (SSID='WiredSSID' freq=2412 MHz)
I/wpa_supplicant(  385): eth1: No network configuration found for the current AP
I/wpa_supplicant(  385): eth1: CTRL-EVENT-DISCONNECTED bssid=01:80:c2:00:00:03 reason=3 locally_generated=1
I/wpa_supplicant(  385): eth1: Associate with key management = 0 - comparing with WPA_NONE 16
I/wpa_supplicant(  385): eth1: Auth timeout 'coz 802.11, assoc_failed=0 ssid->mode=0
I/wpa_supplicant(  385): eth1: Setting authentication timeout: 10 sec 0 usec
D/dalvikvm(  498): Note: class Landroid/app/ActivityManagerNative; has 179 unimplemented (abstract) methods
D/WifiConfigStore(  268): Loading config and enabling all networks
D/BluetoothAdapter(  386): 1249563392: getState() :  mService = null. Returning STATE_OFF
E/WifiStateMachine(  268): Failed to set frequency band 0
E/memtrack(  498): Couldn't load memtrack module (No such file or directory)
E/android.os.Debug(  498): failed to load memtrack module: -2
D/AndroidRuntime(  498): Calling main entry com.android.commands.am.Am
D/libEGL  (  423): loaded /system/lib/egl/libEGL_adreno.so
D/AndroidRuntime(  498): Shutting down VM
E/cutils-trace(  498): Error opening trace file: No such file or directory (2)
D/        (  423): HostConnection::get() New Host Connection established 0xb971c410, tid 423
D/dalvikvm(  498): GC_CONCURRENT freed 96K, 15% free 588K/688K, paused 0ms+0ms, total 0ms
I/AndroidRuntime(  498): NOTE: attach of thread 'Binder_2' failed
D/libEGL  (  423): loaded /system/lib/egl/libGLESv1_CM_adreno.so
D/libEGL  (  423): loaded /system/lib/egl/libGLESv2_adreno.so
D/dalvikvm(  423): GC_CONCURRENT freed 279K, 9% free 4332K/4720K, paused 1ms+1ms, total 9ms
W/EGL_emulation(  423): eglSurfaceAttrib not implemented 3093 12436
D/OpenGLRenderer(  423): Enabling debug mode 0
D/Launcher.Model(  423): 11683562 - loadWorkspaceScreensDb()
D/Launcher.Model(  423): 11683562 -   screens: { 0: 1 }
D/Launcher.Model(  423): 11683562 -   sBgWorkspaceScreens: 1
I/ActivityManager(  268): Displayed com.vphone.launcher/.Launcher: +1s272ms
D/dalvikvm(  268): GC_CONCURRENT freed 366K, 8% free 5470K/5904K, paused 3ms+1ms, total 14ms
V/WebViewChromium(  423): Binding Chromium to the background looper Looper (main, tid 1) {4a7a7448}
I/chromium(  423): [INFO:library_loader_hooks.cc(112)] Chromium logging enabled: level = 0, default verbosity = 0
I/BrowserProcessMain(  423): Initializing chromium process, renderers=0
D/dalvikvm(  423): GC_CONCURRENT freed 268K, 7% free 4452K/4780K, paused 0ms+0ms, total 3ms
W/chromium(  423): [WARNING:proxy_service.cc(888)] PAC support disabled because there is no system implementation
D/dalvikvm(  423): GC_FOR_ALLOC freed 27K, 7% free 4506K/4836K, paused 2ms, total 2ms
I/dalvikvm-heap(  423): Grow heap (frag case) to 5.060MB for 635808-byte allocation
D/dalvikvm(  423): GC_CONCURRENT freed <1K, 7% free 5127K/5460K, paused 0ms+0ms, total 9ms
D/dalvikvm(  423): WAIT_FOR_CONCURRENT_GC blocked 6ms
D/Sensors (  268): Client connection accepted (161)
W/SocketClient(  159): write error (Broken pipe)
D/dalvikvm(  423): GC_CONCURRENT freed 638K, 12% free 5217K/5916K, paused 2ms+2ms, total 6ms
D/Launcher(  423): 11683562 - bindAddScreens()
D/Launcher(  423): 11683562 -   orderedScreenIds: 1
D/Launcher.Workspace(  423): 11683562 - insertNewWorkspaceScreen(): 1 at index: 0
W/System.err(  423): com.android.volley.NoConnectionError: java.net.UnknownHostException: Unable to resolve host "api.bignox.com": No address associated with hostname
W/System.err(  423): 	at com.android.volley.toolbox.BasicNetwork.performRequest(SourceFile:158)
W/System.err(  423): 	at com.android.volley.NetworkDispatcher.run(SourceFile:114)
W/System.err(  423): Caused by: java.net.UnknownHostException: Unable to resolve host "api.bignox.com": No address associated with hostname
W/System.err(  423): 	at java.net.InetAddress.lookupHostByName(InetAddress.java:424)
W/System.err(  423): 	at java.net.InetAddress.getAllByNameImpl(InetAddress.java:236)
W/System.err(  423): 	at java.net.InetAddress.getAllByName(InetAddress.java:214)
W/System.err(  423): 	at okhttp3.Dns$1.lookup(SourceFile:39)
W/System.err(  423): 	at okhttp3.internal.http.RouteSelector.a(SourceFile:173)
W/System.err(  423): 	at okhttp3.internal.http.RouteSelector.b(SourceFile:139)
W/System.err(  423): 	at okhttp3.internal.http.RouteSelector.next(SourceFile:81)
W/System.err(  423): 	at okhttp3.internal.http.StreamAllocation.a(SourceFile:174)
W/System.err(  423): 	at okhttp3.internal.http.StreamAllocation.a(SourceFile:127)
W/System.err(  423): 	at okhttp3.internal.http.StreamAllocation.newStream(SourceFile:97)
W/System.err(  423): 	at okhttp3.internal.http.HttpEngine.b(SourceFile:289)
W/System.err(  423): 	at okhttp3.internal.http.HttpEngine.sendRequest(SourceFile:241)
W/System.err(  423): 	at ni.a(SourceFile:240)
W/System.err(  423): 	at ni$a.proceed(SourceFile:198)
W/System.err(  423): 	at ni.a(SourceFile:160)
W/System.err(  423): 	at ni.execute(SourceFile:57)
W/System.err(  423): 	at com.vphone.launcher.utils.OkHttpStack.performRequest(SourceFile:141)
W/System.err(  423): 	at com.android.volley.toolbox.BasicNetwork.performRequest(SourceFile:97)
W/System.err(  423): 	... 1 more
W/System.err(  423): Caused by: libcore.io.GaiException: getaddrinfo failed: EAI_NODATA (No address associated with hostname)
W/System.err(  423): 	at libcore.io.Posix.getaddrinfo(Native Method)
W/System.err(  423): 	at libcore.io.ForwardingOs.getaddrinfo(ForwardingOs.java:61)
W/System.err(  423): 	at java.net.InetAddress.lookupHostByName(InetAddress.java:405)
W/System.err(  423): 	... 18 more
D/EventBus(  423): No subscribers registered for event class com.vphone.launcher.game.event.RankEvent
D/EventBus(  423): No subscribers registered for event class org.greenrobot.eventbus.NoSubscriberEvent
D/NOX-AGPS(  558): 0|4277|14484(mnc=0, lac=4277, cid=14484) for lng=116.563583 & lat=40.001251 
I/SurfaceFlinger(  163): Boot is finished (8495 ms)
D/BluetoothManagerService(  268): Retrieving Bluetooth Adapter name and address...
D/BluetoothManagerService(  268): getNameAndAddress(): mBluetooth = null mBinding = false
D/BluetoothManagerService(  268): Message: 200
D/BluetoothManagerService(  268): MESSAGE_GET_NAME_AND_ADDRESS
D/BluetoothManagerService(  268): Binding to service to get name and address
E/BluetoothManagerService(  268): Fail to bind to: Intent { act=android.bluetooth.IBluetooth }
V/RenderScript(  423): 0xb9798520 Launching thread(s), CPUs 2
E/BluetoothHeadset(  268): Could not bind to Bluetooth Headset Service with Intent { act=android.bluetooth.IBluetoothHeadset }
E/BluetoothA2dp(  268): Could not bind to Bluetooth A2DP Service with Intent { act=android.bluetooth.IBluetoothA2dp }
D/BluetoothManagerService(  268): Message: 20
D/BluetoothManagerService(  268): Added callback: android.bluetooth.BluetoothAdapter$1@4a8e1d40:true
D/BluetoothManagerService(  268): Message: 30
D/BluetoothManagerService(  268): Message: 30
I/RecoverySystem(  268): No recovery log file
V/WiredAccessoryManager(  268): init()
I/BootReceiver(  268): Copying audit failures to DropBox
I/BootReceiver(  268): Checking for fsck errors
I/ActivityManager(  268): Start proc com.android.providers.calendar for broadcast com.android.providers.calendar/.CalendarReceiver: pid=572 uid=10001 gids={50001, 3003, 1028, 1015, 1023}
D/        (  163): HostConnection::get() New Host Connection established 0xb77df900, tid 473
I/ActivityManager(  268): Start proc android.process.media for content provider com.android.providers.downloads/.DownloadProvider: pid=582 uid=10004 gids={50004, 1028, 1015, 1023, 1024, 2001, 3003, 3007}
I/dalvikvm(  582): ignoring registerObject request in thread=1
I/dalvikvm(  582): ignoring registerObject request in thread=1
I/dalvikvm(  572): ignoring registerObject request in thread=1
I/dalvikvm(  572): ignoring registerObject request in thread=1
D/PhoneStatusBar(  325): disable: < EXPAND icons alerts TICKER system_info BACK HOME RECENT CLOCK* SEARCH >
D/dalvikvm(  423): GC_CONCURRENT freed 1228K, 22% free 4753K/6040K, paused 1ms+1ms, total 7ms
I/CalendarProvider2(  572): Created com.android.providers.calendar.CalendarAlarmManager@4a7b5768(com.android.providers.calendar.CalendarProvider2@4a7b1650)
I/wpa_supplicant(  385): eth1: Trying to associate with 01:80:c2:00:00:03 (SSID='WiredSSID' freq=2412 MHz)
I/wpa_supplicant(  385): eth1: Associated with 01:80:c2:00:00:03
I/wpa_supplicant(  385): eth1: Cancelling authentication timeout
I/wpa_supplicant(  385): eth1: CTRL-EVENT-CONNECTED - Connection to 01:80:c2:00:00:03 completed (auth) [id=0 id_str=]
I/wpa_supplicant(  385): eth1: Associate with key management = 4 - comparing with WPA_NONE 16
I/wpa_supplicant(  385): eth1: Auth timeout 'coz 802.11, assoc_failed=0 ssid->mode=0
I/wpa_supplicant(  385): eth1: Setting authentication timeout: 10 sec 0 usec
E/WifiStateMachine(  268): Unexpected BatchedScanResults :null
I/PowerManagerService(  268): Boot animation finished.
D/dalvikvm(  164): GC_EXPLICIT freed 37K, 4% free 2843K/2940K, paused 0ms+0ms, total 2ms
D/dalvikvm(  164): WAIT_FOR_CONCURRENT_GC blocked 1ms
D/dalvikvm(  164): GC_EXPLICIT freed <1K, 4% free 2843K/2940K, paused 1ms+0ms, total 5ms
D/dalvikvm(  164): GC_EXPLICIT freed <1K, 4% free 2843K/2940K, paused 0ms+0ms, total 3ms
I/dalvikvm(  629): ignoring registerObject request in thread=1
I/dalvikvm(  629): ignoring registerObject request in thread=1
W/MessageQueue(  582): Handler (android.os.Handler) {4a7c4310} sending message to a Handler on a dead thread
W/MessageQueue(  582): java.lang.RuntimeException: Handler (android.os.Handler) {4a7c4310} sending message to a Handler on a dead thread
W/MessageQueue(  582): 	at android.os.MessageQueue.enqueueMessage(MessageQueue.java:320)
W/MessageQueue(  582): 	at android.os.Handler.enqueueMessage(Handler.java:626)
W/MessageQueue(  582): 	at android.os.Handler.sendMessageAtTime(Handler.java:595)
W/MessageQueue(  582): 	at android.os.Handler.sendMessageDelayed(Handler.java:566)
W/MessageQueue(  582): 	at android.os.Handler.sendMessage(Handler.java:503)
W/MessageQueue(  582): 	at android.os.Message.sendToTarget(Message.java:360)
W/MessageQueue(  582): 	at com.android.providers.downloads.DownloadService.enqueueUpdate(DownloadService.java:203)
W/MessageQueue(  582): 	at com.android.providers.downloads.DownloadService.access$000(DownloadService.java:71)
W/MessageQueue(  582): 	at com.android.providers.downloads.DownloadService$DownloadManagerContentObserver.onChange(DownloadService.java:130)
W/MessageQueue(  582): 	at android.database.ContentObserver.onChange(ContentObserver.java:129)
W/MessageQueue(  582): 	at android.database.ContentObserver$NotificationRunnable.run(ContentObserver.java:180)
W/MessageQueue(  582): 	at android.os.Handler.handleCallback(Handler.java:733)
W/MessageQueue(  582): 	at android.os.Handler.dispatchMessage(Handler.java:95)
W/MessageQueue(  582): 	at android.os.Looper.loop(Looper.java:136)
W/MessageQueue(  582): 	at android.app.ActivityThread.main(ActivityThread.java:5019)
W/MessageQueue(  582): 	at java.lang.reflect.Method.invokeNative(Native Method)
W/MessageQueue(  582): 	at java.lang.reflect.Method.invoke(Method.java:515)
W/MessageQueue(  582): 	at com.android.internal.os.ZygoteInit$MethodAndArgsCaller.run(ZygoteInit.java:779)
W/MessageQueue(  582): 	at com.android.internal.os.ZygoteInit.main(ZygoteInit.java:595)
W/MessageQueue(  582): 	at dalvik.system.NativeStart.main(Native Method)
V/OneTimeInitializerRece(  629): OneTimeInitializerReceiver.onReceive
I/ActivityManager(  268): Start proc com.android.onetimeinitializer for broadcast com.android.onetimeinitializer/.OneTimeInitializerReceiver: pid=629 uid=10007 gids={50007}
I/ActivityManager(  268): Start proc com.bignox.app.store.hd for broadcast com.bignox.app.store.hd/.providers.downloads.DownloadReceiver: pid=642 uid=1000 gids={41000, 1028, 1015, 1023, 3002, 3001, 3003, 1007}
I/dalvikvm(  642): ignoring registerObject request in thread=1
I/dalvikvm(  642): ignoring registerObject request in thread=1
D/dalvikvm(  582): JIT code cache reset in 0 ms (0 bytes 1/0)
D/dalvikvm(  582): GC_CONCURRENT freed 239K, 10% free 2997K/3296K, paused 0ms+0ms, total 3ms
D/dalvikvm(  642): No JNI_OnLoad found in /system/lib/libxl_thunder_sdk.so 0x94f4fda0, skipping init
D/dalvikvm(  642): No JNI_OnLoad found in /system/lib/libvphone_xl_thunder_iface.so 0x94f4fda0, skipping init
I/XLUtil  (  642): loadAndParseFile start
I/XLUtil  (  642): loadAndParseFile end
I/XLDownloadManager(  642): Peerid:MDBFMDcwM0FBMDU5MDBYWQ==
I/XLDownloadManager(  642): Guid:MzU1NzU3MDEwMDAyMjQwXzAwRTA3MDNBQTA1OQ==
D/dalvikvm(  582): GC_CONCURRENT freed 229K, 9% free 3160K/3448K, paused 0ms+2ms, total 3ms
I/XLDownloadManager(  642): doMonitorNetworkChange()
I/XLDownloadManager(  642): register Receiver
E/TelephonyProvider(  412): Failed setting numeric '460070' to the current operator
D/dalvikvm(  642): GC_CONCURRENT freed 235K, 9% free 3114K/3412K, paused 0ms+0ms, total 6ms
W/ActivityThread(  642): ClassLoader.loadClass: The class loader returned by Thread.getContextClassLoader() may fail for processes that host multiple applications. You should explicitly specify a context class loader. For example: Thread.setContextClassLoader(getClass().getClassLoader());
D/dalvikvm(  642): GC_CONCURRENT freed 332K, 11% free 3225K/3620K, paused 0ms+1ms, total 3ms
D/dalvikvm(  582): GC_CONCURRENT freed 341K, 12% free 3213K/3612K, paused 2ms+1ms, total 4ms
D/Volley  (  642): [1] DiskBasedCache.clear: Cache cleared.
W/ContextImpl(  642): Calling a method in the system process without a qualified user: android.app.ContextImpl.startService:1492 android.content.ContextWrapper.startService:494 com.bignox.app.store.hd.StoreApplication.onCreate:97 android.app.Instrumentation.callApplicationOnCreate:1024 android.app.ActivityThread.handleBindApplication:4346 
I/HttpDnsSDK(  642): HttpDnsThreadFactory create a new thread, name: Thread-58
I/HttpDnsSDK(  642): HttpDnsThreadFactory create a new thread, name: Thread-59
I/HttpDnsSDK(  642): HttpDnsThreadFactory create a new thread, name: Thread-61
D/Event   (  642): No subscribers registered for event class com.bignox.app.store.hd.model.Game
D/Event   (  642): No subscribers registered for event class de.greenrobot.event.NoSubscriberEvent
D/Event   (  642): No subscribers registered for event class com.bignox.app.store.hd.model.Game
D/Event   (  642): No subscribers registered for event class de.greenrobot.event.NoSubscriberEvent
I/com.bignox.app.store.hd.repositories.AppRepository(  642): delete app by package url :com.bignox.app.store.hd
W/ContextImpl(  642): Calling a method in the system process without a qualified user: android.app.ContextImpl.startService:1492 android.content.ContextWrapper.startService:494 android.content.ContextWrapper.startService:494 com.bignox.app.store.hd.providers.downloads.DownloadReceiver.startService:188 com.bignox.app.store.hd.providers.downloads.DownloadReceiver.onReceive:48 
I/ActivityManager(  268): Delay finish: com.bignox.app.store.hd/.providers.downloads.DownloadReceiver
D/WifiStateMachine(  268): VerifyingLinkState enter
D/WifiStateMachine(  268): VerifyingLinkState GOOD_LINK_DETECTED: transition to captive portal check
D/WifiStateMachine(  268): CaptivePortalCheckState enter
D/WifiStateMachine(  268): CaptivePortalCheckState CMD_CAPTIVE_CHECK_COMPLETE
D/ConnectivityService(  268): Captive portal check NetworkInfo: type: WIFI[], state: CONNECTING/CAPTIVE_PORTAL_CHECK, reason: (unspecified), extra: "AndroidAP", roaming: false, failover: false, isAvailable: true, isConnectedToProvisioningNetwork: false
D/ConnectivityService(  268): handleCaptivePortalTrackerCheck: call captivePortalCheckComplete ni=NetworkInfo: type: WIFI[], state: CONNECTING/CAPTIVE_PORTAL_CHECK, reason: (unspecified), extra: "AndroidAP", roaming: false, failover: false, isAvailable: true, isConnectedToProvisioningNetwork: false
D/ConnectivityService(  268): ConnectivityChange for WIFI: CONNECTED/CONNECTED
E/ConnectivityService(  268): Unexpected mtu value: android.net.wifi.WifiStateTracker@4a8b4888
D/ConnectivityService(  268): sending Proxy Broadcast for [192.168.48.1] 8888 xl=
D/Nat464Xlat(  268): requiresClat: netType=1, hasIPv4Address=true
D/dalvikvm(  642): GC_CONCURRENT freed 341K, 11% free 3396K/3800K, paused 3ms+0ms, total 8ms
D/dalvikvm(  642): WAIT_FOR_CONCURRENT_GC blocked 2ms
D/dalvikvm(  642): WAIT_FOR_CONCURRENT_GC blocked 3ms
D/dalvikvm(  642): WAIT_FOR_CONCURRENT_GC blocked 4ms
D/dalvikvm(  642): WAIT_FOR_CONCURRENT_GC blocked 5ms
D/dalvikvm(  642): WAIT_FOR_CONCURRENT_GC blocked 6ms
V/MediaScanner(  582): pruneDeadThumbnailFiles... android.database.sqlite.SQLiteCursor@4a7fd230
V/MediaScanner(  582): /pruneDeadThumbnailFiles... android.database.sqlite.SQLiteCursor@4a7fd230
D/Event   (  642): No subscribers registered for event class com.bignox.app.store.hd.providers.downloads.CountEvent
D/Event   (  642): No subscribers registered for event class de.greenrobot.event.NoSubscriberEvent
D/HttpDnsSDK(  642): 57 - VMStack.java:-2 - [getThreadStackTrace] - stat: XI+f9XT9sFkDAO/KHmXrEAzm
I/ActivityManager(  268): Resuming delayed broadcast
W/ContextImpl(  423): Calling a method in the system process without a qualified user: android.app.ContextImpl.startService:1492 android.content.ContextWrapper.startService:494 android.content.ContextWrapper.startService:494 com.vphone.launcher.providers.downloads.DownloadReceiver.a:188 com.vphone.launcher.providers.downloads.DownloadReceiver.onReceive:48 
D/dalvikvm(  642): GC_CONCURRENT freed 340K, 13% free 3450K/3924K, paused 0ms+0ms, total 4ms
D/Event   (  642): No subscribers registered for event class com.bignox.app.store.hd.model.Game
D/Event   (  642): No subscribers registered for event class de.greenrobot.event.NoSubscriberEvent
D/Event   (  642): No subscribers registered for event class com.bignox.app.store.hd.providers.downloads.CountEvent
D/Event   (  642): No subscribers registered for event class de.greenrobot.event.NoSubscriberEvent
W/ContextImpl(  642): Calling a method in the system process without a qualified user: android.app.ContextImpl.sendBroadcast:1123 android.content.ContextWrapper.sendBroadcast:365 com.bignox.app.store.hd.asynctask.InitPackageMapTask.onPostExecute:284 com.bignox.app.store.hd.asynctask.InitPackageMapTask.onPostExecute:32 android.os.AsyncTask.finish:632 
D/Event   (  642): No subscribers registered for event class com.bignox.app.store.hd.providers.downloads.CountEvent
D/Event   (  642): No subscribers registered for event class de.greenrobot.event.NoSubscriberEvent
D/Event   (  642): No subscribers registered for event class com.bignox.app.store.hd.providers.downloads.CountEvent
D/Event   (  642): No subscribers registered for event class de.greenrobot.event.NoSubscriberEvent
D/        (  642): HostConnection::get() New Host Connection established 0xb96e6f30, tid 642
D/HttpDnsSDK(  642): 59 - VMStack.java:-2 - [getThreadStackTrace] - resolve host: ressrc.yeshen.com, return: {"host":"ressrc.yeshen.com","ips":["60.205.13.186"],"ttl":141,"origin_ttl":600}
D/HttpDnsSDK(  642): 58 - VMStack.java:-2 - [getThreadStackTrace] - resolve host: res.yeshen.com, return: {"host":"res.yeshen.com","ips":["119.146.74.35"],"ttl":56,"origin_ttl":60}
D/HttpDnsSDK(  642): 61 - VMStack.java:-2 - [getThreadStackTrace] - resolve host: res.src.yeshen.com, return: {"host":"res.src.yeshen.com","ips":[],"ttl":300}
I/CalendarProvider2(  572): Sending notification intent: Intent { act=android.intent.action.PROVIDER_CHANGED dat=content://com.android.calendar }
W/ContentResolver(  572): Failed to get type for: content://com.android.calendar (Unknown URL content://com.android.calendar)
W/System.err(  642): java.util.concurrent.ExecutionException: com.android.volley.NoConnectionError: org.apache.http.conn.HttpHostConnectException: Connection to http://192.168.48.1:8888 refused
W/System.err(  642): 	at com.android.volley.toolbox.RequestFuture.doGet(RequestFuture.java:117)
W/System.err(  642): 	at com.android.volley.toolbox.RequestFuture.get(RequestFuture.java:88)
W/System.err(  642): 	at com.bignox.app.store.hd.asynctask.InitUpgradeAppTask.getUpgradeList(InitUpgradeAppTask.java:90)
W/System.err(  642): 	at com.bignox.app.store.hd.asynctask.InitUpgradeAppTask.doInBackground(InitUpgradeAppTask.java:52)
W/System.err(  642): 	at com.bignox.app.store.hd.asynctask.InitUpgradeAppTask.doInBackground(InitUpgradeAppTask.java:35)
W/System.err(  642): 	at android.os.AsyncTask$2.call(AsyncTask.java:288)
W/System.err(  642): 	at java.util.concurrent.FutureTask.run(FutureTask.java:237)
W/System.err(  642): 	at android.os.AsyncTask$SerialExecutor$1.run(AsyncTask.java:231)
W/System.err(  642): 	at java.util.concurrent.ThreadPoolExecutor.runWorker(ThreadPoolExecutor.java:1112)
W/System.err(  642): 	at java.util.concurrent.ThreadPoolExecutor$Worker.run(ThreadPoolExecutor.java:587)
W/System.err(  642): 	at java.lang.Thread.run(Thread.java:841)
W/System.err(  642): Caused by: com.android.volley.NoConnectionError: org.apache.http.conn.HttpHostConnectException: Connection to http://192.168.48.1:8888 refused
W/System.err(  642): 	at com.android.volley.toolbox.BasicNetwork.performRequest(BasicNetwork.java:158)
W/System.err(  642): 	at com.android.volley.NetworkDispatcher.run(NetworkDispatcher.java:114)
W/System.err(  642): Caused by: org.apache.http.conn.HttpHostConnectException: Connection to http://192.168.48.1:8888 refused
W/System.err(  642): 	at org.apache.http.impl.conn.DefaultClientConnectionOperator.openConnection(DefaultClientConnectionOperator.java:183)
W/System.err(  642): 	at org.apache.http.impl.conn.AbstractPoolEntry.open(AbstractPoolEntry.java:164)
W/System.err(  642): 	at org.apache.http.impl.conn.AbstractPooledConnAdapter.open(AbstractPooledConnAdapter.java:119)
W/System.err(  642): 	at org.apache.http.impl.client.DefaultRequestDirector.execute(DefaultRequestDirector.java:360)
W/System.err(  642): 	at org.apache.http.impl.client.AbstractHttpClient.execute(AbstractHttpClient.java:555)
W/System.err(  642): 	at org.apache.http.impl.client.AbstractHttpClient.execute(AbstractHttpClient.java:487)
W/System.err(  642): 	at org.apache.http.impl.client.AbstractHttpClient.execute(AbstractHttpClient.java:465)
W/System.err(  642): 	at com.android.volley.toolbox.HttpClientStack.performRequest(HttpClientStack.java:87)
W/System.err(  642): 	at com.android.volley.toolbox.BasicNetwork.performRequest(BasicNetwork.java:97)
W/System.err(  642): 	... 1 more
W/System.err(  642): Caused by: java.net.ConnectException: failed to connect to /192.168.48.1 (port 8888) after 5000ms: isConnected failed: ECONNREFUSED (Connection refused)
W/System.err(  642): 	at libcore.io.IoBridge.isConnected(IoBridge.java:223)
W/System.err(  642): 	at libcore.io.IoBridge.connectErrno(IoBridge.java:161)
W/System.err(  642): 	at libcore.io.IoBridge.connect(IoBridge.java:112)
W/System.err(  642): 	at java.net.PlainSocketImpl.connect(PlainSocketImpl.java:192)
W/System.err(  642): 	at java.net.PlainSocketImpl.connect(PlainSocketImpl.java:459)
W/System.err(  642): 	at java.net.Socket.connect(Socket.java:843)
W/System.err(  642): 	at org.apache.http.conn.scheme.PlainSocketFactory.connectSocket(PlainSocketFactory.java:119)
W/System.err(  642): 	at org.apache.http.impl.conn.DefaultClientConnectionOperator.openConnection(DefaultClientConnectionOperator.java:144)
W/System.err(  642): 	... 9 more
W/System.err(  642): Caused by: libcore.io.ErrnoException: isConnected failed: ECONNREFUSED (Connection refused)
W/System.err(  642): 	at libcore.io.IoBridge.isConnected(IoBridge.java:208)
W/System.err(  642): 	... 16 more
W/ContextImpl(  268): Calling a method in the system process without a qualified user: android.app.ContextImpl.sendBroadcast:1123 com.android.server.NotificationManagerService$6.run:1838 android.os.Handler.handleCallback:733 android.os.Handler.dispatchMessage:95 android.os.Looper.loop:136 
D/dalvikvm(  642): GC_CONCURRENT freed 416K, 13% free 3469K/3948K, paused 0ms+1ms, total 3ms
D/HttpDnsSDK(  642): 57 - VMStack.java:-2 - [getThreadStackTrace] - get MAN response: {"t":1553665049112,"ret":"E0102","success":"fail"}
D/dalvikvm(  268): GC_CONCURRENT freed 441K, 9% free 5575K/6084K, paused 0ms+0ms, total 6ms
D/AndroidRuntime(  726): 
D/AndroidRuntime(  726): >>>>>> AndroidRuntime START com.android.internal.os.RuntimeInit <<<<<<
D/AndroidRuntime(  726): CheckJNI is OFF
D/dalvikvm(  726): Using executionMode 2
D/dalvikvm(  726): Trying to load lib libjavacore.so 0x0
D/dalvikvm(  726): Added shared lib libjavacore.so 0x0
D/dalvikvm(  726): Trying to load lib libnativehelper.so 0x0
D/dalvikvm(  726): Added shared lib libnativehelper.so 0x0
D/dalvikvm(  726): No JNI_OnLoad found in libnativehelper.so 0x0, skipping init
D/dalvikvm(  726): Note: class Landroid/app/ActivityManagerNative; has 179 unimplemented (abstract) methods
E/memtrack(  726): Couldn't load memtrack module (No such file or directory)
E/android.os.Debug(  726): failed to load memtrack module: -2
D/AndroidRuntime(  726): Calling main entry com.android.commands.am.Am
D/AndroidRuntime(  726): Shutting down VM
E/cutils-trace(  726): Error opening trace file: No such file or directory (2)
I/dalvikvm(  423): Could not find method android.app.ActivityManager.removeTask, referenced from method com.vphone.launcher.service.CommonService.a
W/dalvikvm(  423): VFY: unable to resolve virtual method 522: Landroid/app/ActivityManager;.removeTask (I)Z
D/dalvikvm(  423): VFY: replacing opcode 0x6e at 0x0066
D/dalvikvm(  726): GC_CONCURRENT freed 96K, 15% free 585K/684K, paused 0ms+0ms, total 0ms
D/HttpDnsSDK(  642): 1 - VMStack.java:-2 - [getThreadStackTrace] - [detectCurrentNetwork] - Network name:WIFI subType name: 
D/HttpDnsSDK(  642): 1 - VMStack.java:-2 - [getThreadStackTrace] - [BroadcastReceiver.onReceive] - Network state changed
D/HttpDnsSDK(  642): 1 - VMStack.java:-2 - [getThreadStackTrace] - [BroadcastReceiver.onReceive] - refresh host
D/Tethering(  268): MasterInitialState.processMessage what=3
D/CaptivePortalTracker(  268): NoActiveNetworkState{ when=0 what=1 obj=NetworkInfo: type: WIFI[], state: CONNECTED/CONNECTED, reason: (unspecified), extra: "AndroidAP", roaming: false, failover: false, isAvailable: true, isConnectedToProvisioningNetwork: false target=com.android.internal.util.StateMachine$SmHandler }
D/HttpDnsSDK(  642): 74 - VMStack.java:-2 - [getThreadStackTrace] - stat: XI+f9XT9sFkDAO/KHmXrEAzm
D/XLDownloadManager(  642): NetworkChangeHandlerThread nettype=9
D/XLDownloadManager(  642): NetworkChangeHandlerThread bssid=00:E0:70:3A:A0:59
W/ContextImpl(  642): Calling a method in the system process without a qualified user: android.app.ContextImpl.startService:1492 android.content.ContextWrapper.startService:494 android.content.ContextWrapper.startService:494 com.bignox.app.store.hd.providers.downloads.DownloadReceiver.startService:188 com.bignox.app.store.hd.providers.downloads.DownloadReceiver.onReceive:53 
W/ContextImpl(  423): Calling a method in the system process without a qualified user: android.app.ContextImpl.startService:1492 android.content.ContextWrapper.startService:494 android.content.ContextWrapper.startService:494 com.vphone.launcher.providers.downloads.DownloadReceiver.a:188 com.vphone.launcher.providers.downloads.DownloadReceiver.onReceive:53 
D/Event   (  642): No subscribers registered for event class com.bignox.app.store.hd.providers.downloads.CountEvent
D/Event   (  642): No subscribers registered for event class de.greenrobot.event.NoSubscriberEvent
D/HttpDnsSDK(  642): 58 - VMStack.java:-2 - [getThreadStackTrace] - resolve host: res.src.yeshen.com, return: {"host":"res.src.yeshen.com","ips":[],"ttl":300}
D/HttpDnsSDK(  642): 61 - VMStack.java:-2 - [getThreadStackTrace] - resolve host: ressrc.yeshen.com, return: {"host":"ressrc.yeshen.com","ips":["60.205.13.186"],"ttl":138,"origin_ttl":600}
D/HttpDnsSDK(  642): 59 - VMStack.java:-2 - [getThreadStackTrace] - resolve host: res.yeshen.com, return: {"host":"res.yeshen.com","ips":["119.146.74.35"],"ttl":53,"origin_ttl":60}
D/HttpDnsSDK(  642): 74 - VMStack.java:-2 - [getThreadStackTrace] - get MAN response: {"t":1553665050830,"ret":"E0111","success":"fail"}
D/        (  268): Setting time of day to sec=1553665050
D/dalvikvm(  423): GC_FOR_ALLOC freed 181K, 21% free 4817K/6040K, paused 4ms, total 4ms
D/dalvikvm(  423): GC_CONCURRENT freed 19K, 11% free 5418K/6040K, paused 1ms+1ms, total 7ms
I/dalvikvm(  423): Could not find method android.widget.LinearLayout.<init>, referenced from method com.bigkoo.convenientbanner.ConvenientBanner.<init>
W/dalvikvm(  423): VFY: unable to resolve direct method 17827: Landroid/widget/LinearLayout;.<init> (Landroid/content/Context;Landroid/util/AttributeSet;II)V
D/dalvikvm(  423): VFY: replacing opcode 0x70 at 0x0002
W/ViewPager(  423): Requested offscreen page limit 0 too small; defaulting to 1
W/dalvikvm(  423): VFY: unable to find class referenced in signature (Ljava/nio/file/Path;)
W/dalvikvm(  423): VFY: unable to find class referenced in signature ([Ljava/nio/file/OpenOption;)
I/dalvikvm(  423): Could not find method java.nio.file.Files.newOutputStream, referenced from method okio.Okio.sink
W/dalvikvm(  423): VFY: unable to resolve static method 45304: Ljava/nio/file/Files;.newOutputStream (Ljava/nio/file/Path;[Ljava/nio/file/OpenOption;)Ljava/io/OutputStream;
D/dalvikvm(  423): VFY: replacing opcode 0x71 at 0x000a
W/dalvikvm(  423): VFY: unable to find class referenced in signature (Ljava/nio/file/Path;)
W/dalvikvm(  423): VFY: unable to find class referenced in signature ([Ljava/nio/file/OpenOption;)
I/dalvikvm(  423): Could not find method java.nio.file.Files.newInputStream, referenced from method okio.Okio.source
W/dalvikvm(  423): VFY: unable to resolve static method 45303: Ljava/nio/file/Files;.newInputStream (Ljava/nio/file/Path;[Ljava/nio/file/OpenOption;)Ljava/io/InputStream;
D/dalvikvm(  423): VFY: replacing opcode 0x71 at 0x000a
D/dalvikvm(  423): GC_CONCURRENT freed 333K, 7% free 5819K/6236K, paused 2ms+1ms, total 6ms
W/DebugConnManager(  423): getNetworkInfo() on networkType 1
W/DebugConnManager(  423): getNetworkInfo() on networkType 1
D/dalvikvm(  423): GC_FOR_ALLOC freed 377K, 10% free 5946K/6572K, paused 4ms, total 4ms
I/dalvikvm-heap(  423): Grow heap (frag case) to 7.619MB for 1843212-byte allocation
D/dalvikvm(  423): GC_FOR_ALLOC freed 3K, 8% free 7742K/8376K, paused 2ms, total 2ms
D/dalvikvm(  423): GC_CONCURRENT freed 18K, 7% free 7794K/8376K, paused 1ms+0ms, total 3ms
W/DebugConnManager(  423): getNetworkInfo() on networkType 1
D/dalvikvm(  423): GC_FOR_ALLOC freed 91K, 7% free 7789K/8376K, paused 24ms, total 24ms
I/dalvikvm-heap(  423): Grow heap (frag case) to 9.418MB for 1843212-byte allocation
D/dalvikvm(  423): GC_FOR_ALLOC freed 1K, 6% free 9588K/10180K, paused 2ms, total 2ms
D/dalvikvm(  423): GC_CONCURRENT freed 8K, 6% free 9610K/10180K, paused 1ms+0ms, total 6ms
W/DebugConnManager(  423): getNetworkInfo() on networkType 1
W/DebugConnManager(  423): getNetworkInfo() on networkType 1
D/dalvikvm(  423): GC_FOR_ALLOC freed 266K, 6% free 9592K/10180K, paused 4ms, total 4ms
I/dalvikvm-heap(  423): Grow heap (frag case) to 11.179MB for 1843212-byte allocation
D/dalvikvm(  423): GC_FOR_ALLOC freed <1K, 5% free 11392K/11984K, paused 4ms, total 4ms
I/FusedLocation(  268): engine stopped (com.android.location.fused)
I/FusedLocation(  268): engine started (com.android.location.fused)
I/FusedLocation(  268): engine started (com.android.location.fused)
E/RemotePrintSpooler(  268): Error removing obsolete print jobs .
E/RemotePrintSpooler(  268): java.util.concurrent.TimeoutException: Cannot get spooler!
E/RemotePrintSpooler(  268): 	at com.android.server.print.RemotePrintSpooler.bindLocked(RemotePrintSpooler.java:376)
E/RemotePrintSpooler(  268): 	at com.android.server.print.RemotePrintSpooler.getRemoteInstanceLazy(RemotePrintSpooler.java:352)
E/RemotePrintSpooler(  268): 	at com.android.server.print.RemotePrintSpooler.removeObsoletePrintJobs(RemotePrintSpooler.java:287)
E/RemotePrintSpooler(  268): 	at com.android.server.print.UserState.removeObsoletePrintJobs(UserState.java:163)
E/RemotePrintSpooler(  268): 	at com.android.server.print.PrintManagerService$1.run(PrintManagerService.java:94)
E/RemotePrintSpooler(  268): 	at android.os.Handler.handleCallback(Handler.java:733)
E/RemotePrintSpooler(  268): 	at android.os.Handler.dispatchMessage(Handler.java:95)
E/RemotePrintSpooler(  268): 	at android.os.Looper.loop(Looper.java:136)
E/RemotePrintSpooler(  268): 	at android.os.HandlerThread.run(HandlerThread.java:61)
D/BluetoothAdapter(  386): 1249563392: getState() :  mService = null. Returning STATE_OFF
W/DebugConnManager(  268): getNetworkInfo() on networkType 1
E/GpsLocationProvider(  268): no AGPS interface in set_agps_server
D/GpsLocationProvider(  268): NTP server returned: 1553665050954 (Wed Mar 27 13:37:30 GMT+08:00 2019) reference: 15026 certainty: 70 system time offset: -3963
D/AndroidRuntime(  763): 
D/AndroidRuntime(  763): >>>>>> AndroidRuntime START com.android.internal.os.RuntimeInit <<<<<<
D/AndroidRuntime(  763): CheckJNI is OFF
D/dalvikvm(  763): Using executionMode 2
D/dalvikvm(  763): Trying to load lib libjavacore.so 0x0
D/dalvikvm(  763): Added shared lib libjavacore.so 0x0
D/dalvikvm(  763): Trying to load lib libnativehelper.so 0x0
D/dalvikvm(  763): Added shared lib libnativehelper.so 0x0
D/dalvikvm(  763): No JNI_OnLoad found in libnativehelper.so 0x0, skipping init
D/dalvikvm(  763): Note: class Landroid/app/ActivityManagerNative; has 179 unimplemented (abstract) methods
E/memtrack(  763): Couldn't load memtrack module (No such file or directory)
E/android.os.Debug(  763): failed to load memtrack module: -2
D/AndroidRuntime(  763): Calling main entry com.android.commands.pm.Pm
D/AndroidRuntime(  763): Shutting down VM
E/cutils-trace(  763): Error opening trace file: No such file or directory (2)
D/dalvikvm(  763): GC_CONCURRENT freed 150K, 22% free 567K/720K, paused 0ms+0ms, total 0ms
D/su      (  779): su invoked.
D/su      (  779): starting daemon client 0 0
D/su      (  781): remote pid: 779
D/su      (  781): remote pts_slave: 
D/su      (  781): waiting for child exit
D/su      (  783): su invoked.
D/su      (  783): Allowing root/system/radio.
D/su      (  783): 0 /system/bin/mksh executing 0 umount /mnt/sdcard/BigNoxGameHD using binary /system/bin/sh : sh -c umount /mnt/sdcard/BigNoxGameHD
D/su      (  781): sending code
D/su      (  781): child exited
D/su      (  779): client exited 1
D/su      (  786): su invoked.
D/su      (  786): starting daemon client 0 0
D/su      (  788): remote pid: 786
D/su      (  788): remote pts_slave: 
D/su      (  788): waiting for child exit
D/su      (  790): su invoked.
D/su      (  790): Allowing root/system/radio.
D/su      (  790): 0 /system/bin/mksh executing 0 mkdir -p /mnt/sdcard/BigNoxGameHD using binary /system/bin/sh : sh -c mkdir -p /mnt/sdcard/BigNoxGameHD
D/su      (  788): sending code
D/su      (  788): child exited
D/su      (  786): client exited 0
D/su      (  793): su invoked.
D/su      (  793): starting daemon client 0 0
D/su      (  795): remote pid: 793
D/su      (  795): remote pts_slave: 
D/su      (  795): waiting for child exit
D/su      (  797): su invoked.
D/su      (  797): Allowing root/system/radio.
D/su      (  797): 0 /system/bin/mksh executing 0 mount.vboxsf -o rw,uid=0,gid=1028 App /mnt/sdcard/BigNoxGameHD using binary /system/bin/sh : sh -c mount.vboxsf -o rw,uid=0,gid=1028 App /mnt/sdcard/BigNoxGameHD
D/su      (  795): sending code
D/su      (  795): child exited
D/su      (  793): client exited 0
D/su      (  801): su invoked.
D/su      (  801): starting daemon client 0 0
D/su      (  803): remote pid: 801
D/su      (  803): remote pts_slave: 
D/su      (  803): waiting for child exit
D/su      (  805): su invoked.
D/su      (  805): Allowing root/system/radio.
D/su      (  805): 0 /system/bin/mksh executing 0 umount /mnt/sdcard/Pictures/Screenshots/img using binary /system/bin/sh : sh -c umount /mnt/sdcard/Pictures/Screenshots/img
D/su      (  803): sending code
D/su      (  803): child exited
D/su      (  801): client exited 1
D/su      (  808): su invoked.
D/su      (  808): starting daemon client 0 0
D/su      (  810): remote pid: 808
D/su      (  810): remote pts_slave: 
D/su      (  810): waiting for child exit
D/su      (  812): su invoked.
D/su      (  812): Allowing root/system/radio.
D/su      (  812): 0 /system/bin/mksh executing 0 mkdir -p /mnt/sdcard/Pictures/Screenshots/img using binary /system/bin/sh : sh -c mkdir -p /mnt/sdcard/Pictures/Screenshots/img
D/su      (  810): sending code
D/su      (  810): child exited
D/su      (  808): client exited 0
D/su      (  815): su invoked.
D/su      (  815): starting daemon client 0 0
D/su      (  817): remote pid: 815
D/su      (  817): remote pts_slave: 
D/su      (  817): waiting for child exit
D/su      (  819): su invoked.
D/su      (  819): Allowing root/system/radio.
D/su      (  819): 0 /system/bin/mksh executing 0 mount.vboxsf -o rw,uid=0,gid=1028 Image /mnt/sdcard/Pictures/Screenshots/img using binary /system/bin/sh : sh -c mount.vboxsf -o rw,uid=0,gid=1028 Image /mnt/sdcard/Pictures/Screenshots/img
D/su      (  817): sending code
D/su      (  817): child exited
D/su      (  815): client exited 0
D/su      (  823): su invoked.
D/su      (  823): starting daemon client 0 0
D/su      (  825): remote pid: 823
D/su      (  825): remote pts_slave: 
D/su      (  825): waiting for child exit
D/su      (  827): su invoked.
D/su      (  827): Allowing root/system/radio.
D/su      (  827): 0 /system/bin/mksh executing 0 umount /mnt/sdcard/Download/other using binary /system/bin/sh : sh -c umount /mnt/sdcard/Download/other
D/su      (  825): sending code
D/su      (  825): child exited
D/su      (  823): client exited 1
D/su      (  830): su invoked.
D/su      (  830): starting daemon client 0 0
D/su      (  832): remote pid: 830
D/su      (  832): remote pts_slave: 
D/su      (  832): waiting for child exit
D/su      (  834): su invoked.
D/su      (  834): Allowing root/system/radio.
D/su      (  834): 0 /system/bin/mksh executing 0 mkdir -p /mnt/sdcard/Download/other using binary /system/bin/sh : sh -c mkdir -p /mnt/sdcard/Download/other
D/su      (  832): sending code
D/su      (  832): child exited
D/su      (  830): client exited 0
D/su      (  837): su invoked.
D/su      (  837): starting daemon client 0 0
D/su      (  839): remote pid: 837
D/su      (  839): remote pts_slave: 
D/su      (  839): waiting for child exit
D/su      (  841): su invoked.
D/su      (  841): Allowing root/system/radio.
D/su      (  841): 0 /system/bin/mksh executing 0 mount.vboxsf -o rw,uid=0,gid=1028 Other /mnt/sdcard/Download/other using binary /system/bin/sh : sh -c mount.vboxsf -o rw,uid=0,gid=1028 Other /mnt/sdcard/Download/other
D/su      (  839): sending code
D/su      (  839): child exited
D/su      (  837): client exited 0
D/su      (  845): su invoked.
D/su      (  845): starting daemon client 0 0
