D/su      (  847): remote pid: 845
D/su      (  847): remote pts_slave: 
D/su      (  847): waiting for child exit
D/su      (  849): su invoked.
D/su      (  849): Allowing root/system/radio.
D/su      (  849): 0 /system/bin/mksh executing 0 cp -rf /mnt/shared/Image/*.* /mnt/sdcard/Pictures/Screenshots using binary /system/bin/sh : sh -c cp -rf /mnt/shared/Image/*.* /mnt/sdcard/Pictures/Screenshots
D/su      (  847): sending code
D/su      (  847): child exited
D/su      (  845): client exited 1
E/local_gps(  158): Can't send RMC command
D/AndroidRuntime(  851): 
D/AndroidRuntime(  851): >>>>>> AndroidRuntime START com.android.internal.os.RuntimeInit <<<<<<
D/AndroidRuntime(  851): CheckJNI is OFF
D/dalvikvm(  851): Using executionMode 2
D/dalvikvm(  851): Trying to load lib libjavacore.so 0x0
D/dalvikvm(  851): Added shared lib libjavacore.so 0x0
D/dalvikvm(  851): Trying to load lib libnativehelper.so 0x0
D/dalvikvm(  851): Added shared lib libnativehelper.so 0x0
D/dalvikvm(  851): No JNI_OnLoad found in libnativehelper.so 0x0, skipping init
D/dalvikvm(  851): Note: class Landroid/app/ActivityManagerNative; has 179 unimplemented (abstract) methods
E/memtrack(  851): Couldn't load memtrack module (No such file or directory)
E/android.os.Debug(  851): failed to load memtrack module: -2
D/AndroidRuntime(  851): Calling main entry com.android.commands.settings.SettingsCmd
D/AndroidRuntime(  851): Shutting down VM
E/cutils-trace(  851): Error opening trace file: No such file or directory (2)
D/dalvikvm(  851): GC_CONCURRENT freed 95K, 15% free 562K/660K, paused 0ms+0ms, total 0ms
D/CaptivePortalTracker(  268): DelayedCaptiveCheckState{ when=-10ms what=2 arg1=1 target=com.android.internal.util.StateMachine$SmHandler }
D/ConnectivityService(  268): setProvNotificationVisible: E visible=false networkType=1 extraInfo=null url=null
D/CaptivePortalTracker(  268): Checking http://216.58.220.206/generate_204
W/ActivityThread(  268): ClassLoader.loadClass: The class loader returned by Thread.getContextClassLoader() may fail for processes that host multiple applications. You should explicitly specify a context class loader. For example: Thread.setContextClassLoader(getClass().getClassLoader());
D/SettingsProvider(  268): User 0 external modification to /data/data/com.android.providers.settings/databases/settings.db; event=8
D/SettingsProvider(  268): User 0 updating our caches for /data/data/com.android.providers.settings/databases/settings.db
I/ActivityManager(  268): Waited long enough for: ServiceRecord{4a900cfc u0 com.bignox.app.store.hd/.services.StoreService}
W/DebugConnManager(  423): getNetworkInfo() on networkType 1
I/AudioMixer(  166): found effect "Multichannel Downmix To Stereo" from The Android Open Source Project
I/dalvikvm(  919): ignoring registerObject request in thread=1
I/dalvikvm(  919): ignoring registerObject request in thread=1
D/PhoneStatusBar(  325): disable: < expand* icons alerts ticker* system_info back* home* recent* clock* search* >
I/ActivityManager(  268): Start proc com.lemon.lemonban for broadcast com.lemon.lemonban/com.igexin.sdk.PushReceiver: pid=919 uid=10029 gids={50029, 3003, 1028, 1015, 1023, 3002, 3001}
W/ContextImpl(  268): Calling a method in the system process without a qualified user: android.app.ContextImpl.sendBroadcast:1123 com.android.server.InputMethodManagerService.hideCurrentInputLocked:1880 com.android.server.InputMethodManagerService.windowGainedFocus:1968 com.android.internal.view.IInputMethodManager$Stub.onTransact:221 com.android.server.InputMethodManagerService.onTransact:818 
I/dalvikvm(  919): Could not find method android.view.ViewGroup.<init>, referenced from method com.scwang.smartrefresh.layout.SmartRefreshLayout.<init>
W/dalvikvm(  919): VFY: unable to resolve direct method 21745: Landroid/view/ViewGroup;.<init> (Landroid/content/Context;Landroid/util/AttributeSet;II)V
D/dalvikvm(  919): VFY: replacing opcode 0x70 at 0x0007
D/AndroidRuntime(  931): 
D/AndroidRuntime(  931): >>>>>> AndroidRuntime START com.android.internal.os.RuntimeInit <<<<<<
I/ActivityManager(  268): Start proc com.lemon.lemonban:pushservice for service com.lemon.lemonban/.service.LemonPushService: pid=936 uid=10029 gids={50029, 3003, 1028, 1015, 1023, 3002, 3001}
I/dalvikvm(  936): ignoring registerObject request in thread=1
I/dalvikvm(  936): ignoring registerObject request in thread=1
I/dalvikvm(  936): Could not find method android.view.ViewGroup.<init>, referenced from method com.scwang.smartrefresh.layout.SmartRefreshLayout.<init>
W/dalvikvm(  936): VFY: unable to resolve direct method 21745: Landroid/view/ViewGroup;.<init> (Landroid/content/Context;Landroid/util/AttributeSet;II)V
D/dalvikvm(  936): VFY: replacing opcode 0x70 at 0x0007
I/Process (  936): Sending signal. PID: 936 SIG: 9
I/ActivityManager(  268): Process com.lemon.lemonban:pushservice (pid 936) has died.
D/AndroidRuntime(  931): CheckJNI is OFF
D/dalvikvm(  931): Using executionMode 2
D/dalvikvm(  931): Trying to load lib libjavacore.so 0x0
D/dalvikvm(  931): Added shared lib libjavacore.so 0x0
D/dalvikvm(  931): Trying to load lib libnativehelper.so 0x0
D/dalvikvm(  931): Added shared lib libnativehelper.so 0x0
D/dalvikvm(  931): No JNI_OnLoad found in libnativehelper.so 0x0, skipping init
D/dalvikvm(  931): Note: class Landroid/app/ActivityManagerNative; has 179 unimplemented (abstract) methods
E/memtrack(  931): Couldn't load memtrack module (No such file or directory)
E/android.os.Debug(  931): failed to load memtrack module: -2
D/AndroidRuntime(  931): Calling main entry com.android.commands.pm.Pm
D/AndroidRuntime(  931): Shutting down VM
E/cutils-trace(  931): Error opening trace file: No such file or directory (2)
D/dalvikvm(  931): GC_CONCURRENT freed 150K, 22% free 567K/720K, paused 0ms+1ms, total 1ms
D/CaptivePortalTracker(  268): Probably not a portal: exception java.net.SocketTimeoutException: failed to connect to /216.58.220.206 (port 80) after 10000ms
D/CaptivePortalTracker(  268): Don't send network conditions - lacking user consent.
D/CaptivePortalTracker(  268): Not captive network NetworkInfo: type: WIFI[], state: CONNECTED/CONNECTED, reason: (unspecified), extra: "AndroidAP", roaming: false, failover: false, isAvailable: true, isConnectedToProvisioningNetwork: false
D/CaptivePortalTracker(  268): notifyPortalCheckCompleted: captive=false ni=NetworkInfo: type: WIFI[], state: CONNECTED/CONNECTED, reason: (unspecified), extra: "AndroidAP", roaming: false, failover: false, isAvailable: true, isConnectedToProvisioningNetwork: false
D/ConnectivityService(  268): captivePortalCheckCompleted: ni=NetworkInfo: type: WIFI[], state: CONNECTED/CONNECTED, reason: (unspecified), extra: "AndroidAP", roaming: false, failover: false, isAvailable: true, isConnectedToProvisioningNetwork: false captive=false
D/Sensors (  268): Client connection accepted (166)
D/PermissionCache(  163): checking android.permission.READ_FRAME_BUFFER for uid=1000 => granted (97 us)
E/SurfaceFlinger(  163): glCheckFramebufferStatusOES error 36054
E/SurfaceFlinger(  163): got GL_FRAMEBUFFER_COMPLETE_OES error while taking screenshot
D/SurfaceFlinger(  163): setOrientation, mFbdev=0xb77d5de0, mFbDev->setOrientation=0xb69d5ce0, orientation=3
I/gralloc_nox(  163): setOrientation: orientation=3
I/ActivityManager(  268): Config changes=480 {1.0 460mcc7mnc zh_CN ldltr sw480dp w480dp h828dp 240dpi lrg long port finger qwerty/v/v dpad/v s.6}
I/InputReader(  268): Reconfiguring input devices.  changes=0x00000004
I/InputReader(  268): Device reconfigured: id=1, name='seamless mouse', size 1280x720, orientation 3, mode 1, display id 0
I/InputReader(  268): Device reconfigured: id=3, name='Android Input', size 1280x720, orientation 3, mode 1, display id 0
I/InputReader(  268): Device reconfigured: id=8, name='VirtualBox USB Tablet', size 1280x720, orientation 3, mode 1, display id 0
D/PhoneStatusBar(  325): mSettingsPanelGravity = 55
D/dalvikvm(  423): No JNI_OnLoad found in /system/lib/libxl_thunder_sdk.so 0x94f54780, skipping init
D/dalvikvm(  423): No JNI_OnLoad found in /system/lib/libvphone_xl_thunder_iface.so 0x94f54780, skipping init
W/DebugConnManager(  423): getNetworkInfo() on networkType 1
I/XLUtil  (  423): loadAndParseFile start
D/dalvikvm(  325): GC_FOR_ALLOC freed 7489K, 60% free 5220K/12768K, paused 4ms, total 5ms
I/dalvikvm-heap(  325): Grow heap (frag case) to 11.402MB for 6553612-byte allocation
I/XLUtil  (  423): loadAndParseFile end
I/XLDownloadManager(  423): Peerid:MDBFMDcwM0FBMDU5MDBYWQ==
I/XLDownloadManager(  423): Guid:MzU1NzU3MDEwMDAyMjQwXzAwRTA3MDNBQTA1OQ==
D/dalvikvm(  325): GC_CONCURRENT freed 49K, 10% free 11571K/12768K, paused 1ms+0ms, total 9ms
I/XLDownloadManager(  423): doMonitorNetworkChange()
I/XLDownloadManager(  423): register Receiver
D/dalvikvm(  423): GC_CONCURRENT freed 2742K, 20% free 11378K/14180K, paused 1ms+1ms, total 7ms
W/Launcher(  423): setApplicationContext called twice! old=com.vphone.launcher.LauncherApplication@4a7ab0a4 new=com.vphone.launcher.LauncherApplication@4a7ab0a4
W/ResourceType(  423): Attempt to retrieve bag 0x7f0e00a4 which is invalid or in a cycle.
D/Launcher(  423): 11683562 - bindAddScreens()
D/Launcher(  423): 11683562 -   orderedScreenIds: 1
D/Launcher.Workspace(  423): 11683562 - insertNewWorkspaceScreen(): 1 at index: 0
W/ViewPager(  423): Requested offscreen page limit 0 too small; defaulting to 1
W/ContextImpl(  423): Calling a method in the system process without a qualified user: android.app.ContextImpl.startService:1492 android.content.ContextWrapper.startService:494 com.vphone.launcher.Launcher.g:677 com.vphone.launcher.Launcher.a:176 com.vphone.launcher.Launcher$11.run:633 
W/EGL_emulation(  423): eglSurfaceAttrib not implemented 3093 12436
D/XLDownloadManager(  423): NetworkChangeHandlerThread nettype=9
D/XLDownloadManager(  423): NetworkChangeHandlerThread bssid=00:E0:70:3A:A0:59
W/EGL_emulation(  325): eglSurfaceAttrib not implemented 3093 12436
I/WindowManager(  268): Screen frozen for +436ms due to Window{4a8b02ec u0 com.vphone.launcher/com.vphone.launcher.Launcher}
W/ContextImpl(  268): Calling a method in the system process without a qualified user: android.app.ContextImpl.sendBroadcast:1123 com.android.server.InputMethodManagerService.hideCurrentInputLocked:1880 com.android.server.InputMethodManagerService.windowGainedFocus:1968 com.android.internal.view.IInputMethodManager$Stub.onTransact:221 com.android.server.InputMethodManagerService.onTransact:818 
W/ContextImpl(  423): Calling a method in the system process without a qualified user: android.app.ContextImpl.sendBroadcast:1123 android.content.ContextWrapper.sendBroadcast:365 com.vphone.launcher.Hotseat$19.a:640 com.vphone.launcher.Hotseat$19.onResponse:629 com.vphone.launcher.network.GsonRequest.deliverResponse:52 
W/DebugConnManager(  423): getNetworkInfo() on networkType 1
D/dalvikvm(  423): GC_CONCURRENT freed 2345K, 17% free 11882K/14284K, paused 1ms+1ms, total 8ms
D/dalvikvm(  423): WAIT_FOR_CONCURRENT_GC blocked 6ms
D/dalvikvm(  423): GC_CONCURRENT freed 2687K, 19% free 12212K/14956K, paused 0ms+2ms, total 9ms
D/dalvikvm(  423): WAIT_FOR_CONCURRENT_GC blocked 6ms
D/dalvikvm(  423): GC_CONCURRENT freed 3087K, 21% free 12248K/15392K, paused 0ms+0ms, total 6ms
D/dalvikvm(  423): WAIT_FOR_CONCURRENT_GC blocked 3ms
D/dalvikvm(  268): GC_EXPLICIT freed 467K, 9% free 5649K/6184K, paused 1ms+0ms, total 9ms
D/dalvikvm(  423): GC_FOR_ALLOC freed 1505K, 19% free 12505K/15392K, paused 10ms, total 11ms
I/dalvikvm-heap(  423): Grow heap (frag case) to 12.706MB for 460812-byte allocation
D/dalvikvm(  423): GC_FOR_ALLOC freed 54K, 19% free 12900K/15844K, paused 10ms, total 10ms
W/DebugConnManager(  423): getNetworkInfo() on networkType 1
D/dalvikvm(  423): GC_FOR_ALLOC freed 1269K, 21% free 12602K/15844K, paused 5ms, total 5ms
I/dalvikvm-heap(  423): Grow heap (frag case) to 14.118MB for 1843212-byte allocation
D/dalvikvm(  423): GC_FOR_ALLOC freed 9K, 19% free 14392K/17648K, paused 9ms, total 9ms
D/dalvikvm(  423): GC_FOR_ALLOC freed 85K, 19% free 14442K/17648K, paused 8ms, total 8ms
I/dalvikvm-heap(  423): Grow heap (frag case) to 15.916MB for 1843212-byte allocation
D/dalvikvm(  423): GC_FOR_ALLOC freed <1K, 17% free 16242K/19452K, paused 5ms, total 5ms
W/DebugConnManager(  423): getNetworkInfo() on networkType 1
W/DebugConnManager(  423): getNetworkInfo() on networkType 1
D/dalvikvm(  423): GC_FOR_ALLOC freed 160K, 16% free 16358K/19452K, paused 6ms, total 6ms
I/dalvikvm-heap(  423): Grow heap (frag case) to 17.787MB for 1843212-byte allocation
D/dalvikvm(  423): GC_FOR_ALLOC freed 3K, 15% free 18154K/21256K, paused 8ms, total 8ms
E/RecyclerView(  423): No adapter attached; skipping layout
E/RecyclerView(  423): No adapter attached; skipping layout
E/RecyclerView(  423): No adapter attached; skipping layout
E/RecyclerView(  423): No adapter attached; skipping layout
D/dalvikvm(  423): GC_CONCURRENT freed 7206K, 32% free 16053K/23316K, paused 2ms+1ms, total 9ms
D/dalvikvm(  423): WAIT_FOR_CONCURRENT_GC blocked 4ms
D/dalvikvm(  423): WAIT_FOR_CONCURRENT_GC blocked 4ms
D/dalvikvm(  423): WAIT_FOR_CONCURRENT_GC blocked 4ms
D/dalvikvm(  423): GC_FOR_ALLOC freed 2039K, 22% free 18396K/23316K, paused 7ms, total 7ms
D/dalvikvm(  423): GC_CONCURRENT freed 618K, 15% free 19856K/23316K, paused 4ms+2ms, total 28ms
D/dalvikvm(  423): GC_CONCURRENT freed 2415K, 10% free 23115K/25588K, paused 1ms+1ms, total 9ms
D/dalvikvm(  423): WAIT_FOR_CONCURRENT_GC blocked 3ms
D/dalvikvm(  423): WAIT_FOR_CONCURRENT_GC blocked 2ms
D/dalvikvm(  423): GC_CONCURRENT freed 3321K, 12% free 26561K/29932K, paused 1ms+2ms, total 13ms
D/dalvikvm(  423): WAIT_FOR_CONCURRENT_GC blocked 8ms
D/dalvikvm(  423): WAIT_FOR_CONCURRENT_GC blocked 1ms
D/dalvikvm(  423): WAIT_FOR_CONCURRENT_GC blocked 2ms
D/dalvikvm(  423): WAIT_FOR_CONCURRENT_GC blocked 6ms
D/SettingsProvider(  268): User 0 external modification to /data/data/com.android.providers.settings/databases/settings.db; event=8
D/SettingsProvider(  268): User 0 updating our caches for /data/data/com.android.providers.settings/databases/settings.db
W/DebugConnManager(  423): getNetworkInfo() on networkType 1
D/SettingsProvider(  268): User 0 external modification to /data/data/com.android.providers.settings/databases/settings.db; event=8
D/SettingsProvider(  268): User 0 updating our caches for /data/data/com.android.providers.settings/databases/settings.db
D/ConnectivityService(  268): Sampling interval elapsed, updating statistics ..
D/ConnectivityService(  268): Done.
D/ConnectivityService(  268): Setting timer for 720seconds
E/NOX     (   71): recv() error
D/NOX     (   71): Socket read error
D/SettingsProvider(  268): User 0 external modification to /data/data/com.android.providers.settings/databases/settings.db; event=8
D/SettingsProvider(  268): User 0 updating our caches for /data/data/com.android.providers.settings/databases/settings.db
D/SettingsProvider(  268): User 0 external modification to /data/data/com.android.providers.settings/databases/settings.db; event=8
D/SettingsProvider(  268): User 0 updating our caches for /data/data/com.android.providers.settings/databases/settings.db
D/SettingsProvider(  268): User 0 external modification to /data/data/com.android.providers.settings/databases/settings.db; event=8
D/SettingsProvider(  268): User 0 updating our caches for /data/data/com.android.providers.settings/databases/settings.db
D/dalvikvm(  268): GC_CONCURRENT freed 592K, 11% free 5638K/6300K, paused 0ms+1ms, total 6ms
D/ConnectivityService(  268): Sampling interval elapsed, updating statistics ..
D/ConnectivityService(  268): Done.
D/ConnectivityService(  268): Setting timer for 720seconds
D/dalvikvm(  412): GC_CONCURRENT freed 283K, 10% free 3333K/3676K, paused 1ms+1ms, total 7ms
D/ConnectivityService(  268): Sampling interval elapsed, updating statistics ..
D/ConnectivityService(  268): Done.
D/ConnectivityService(  268): Setting timer for 720seconds
D/dalvikvm(  268): GC_CONCURRENT freed 556K, 11% free 5658K/6320K, paused 1ms+1ms, total 9ms
